   Woah! You appear to be trying to run flutter as root.
   We strongly recommend running the flutter tool without superuser privileges.
  /
📎
[  +22 ms] executing: uname -m
[   +6 ms] Exit code 0 from: uname -m
[        ] x86_64
[  +47 ms] Found 5 files which will be executed as Widget Tests.
[   +5 ms] Artifact Instance of 'AndroidGenSnapshotArtifacts' is not required, skipping update.
[        ] Artifact Instance of 'AndroidInternalBuildArtifacts' is not required, skipping update.
[        ] Artifact Instance of 'IOSEngineArtifacts' is not required, skipping update.
[        ] Artifact Instance of 'FlutterWebSdk' is not required, skipping update.
[        ] Artifact Instance of 'LegacyCanvasKitRemover' is not required, skipping update.
[   +1 ms] Artifact Instance of 'WindowsEngineArtifacts' is not required, skipping update.
[        ] Artifact Instance of 'MacOSEngineArtifacts' is not required, skipping update.
[        ] Artifact Instance of 'LinuxEngineArtifacts' is not required, skipping update.
[        ] Artifact Instance of 'LinuxFuchsiaSDKArtifacts' is not required, skipping update.
[        ] Artifact Instance of 'MacOSFuchsiaSDKArtifacts' is not required, skipping update.
[        ] Artifact Instance of 'FlutterRunnerSDKArtifacts' is not required, skipping update.
[        ] Artifact Instance of 'FlutterRunnerDebugSymbols' is not required, skipping update.
[  +34 ms] Artifact Instance of 'MaterialFonts' is not required, skipping update.
[        ] Artifact Instance of 'GradleWrapper' is not required, skipping update.
[        ] Artifact Instance of 'AndroidGenSnapshotArtifacts' is not required, skipping update.
[        ] Artifact Instance of 'AndroidInternalBuildArtifacts' is not required, skipping update.
[        ] Artifact Instance of 'IOSEngineArtifacts' is not required, skipping update.
[        ] Artifact Instance of 'FlutterWebSdk' is not required, skipping update.
[        ] Artifact Instance of 'LegacyCanvasKitRemover' is not required, skipping update.
[        ] Artifact Instance of 'FlutterSdk' is not required, skipping update.
[        ] Artifact Instance of 'WindowsEngineArtifacts' is not required, skipping update.
[        ] Artifact Instance of 'MacOSEngineArtifacts' is not required, skipping update.
[        ] Artifact Instance of 'LinuxEngineArtifacts' is not required, skipping update.
[        ] Artifact Instance of 'LinuxFuchsiaSDKArtifacts' is not required, skipping update.
[        ] Artifact Instance of 'MacOSFuchsiaSDKArtifacts' is not required, skipping update.
[        ] Artifact Instance of 'FlutterRunnerSDKArtifacts' is not required, skipping update.
[        ] Artifact Instance of 'FlutterRunnerDebugSymbols' is not required, skipping update.
[        ] Artifact Instance of 'IosUsbArtifacts' is not required, skipping update.
[        ] Artifact Instance of 'IosUsbArtifacts' is not required, skipping update.
[        ] Artifact Instance of 'IosUsbArtifacts' is not required, skipping update.
[        ] Artifact Instance of 'IosUsbArtifacts' is not required, skipping update.
[        ] Artifact Instance of 'IosUsbArtifacts' is not required, skipping update.
[        ] Artifact Instance of 'FontSubsetArtifacts' is not required, skipping update.
[        ] Artifact Instance of 'PubDependencies' is not required, skipping update.
[  +60 ms] executing: [/mnt/ide/app2/habit_breaker_app/] /root/flutter/bin/cache/dart-sdk/bin/dart pub --suppress-analytics --verbose --directory . get --example
FINE: Pub 3.2.3
MSG : Resolving dependencies...
SLVR: fact: habit_breaker_app is 1.0.0+1
SLVR: derived: habit_breaker_app
SLVR: fact: habit_breaker_app requires SDK version >=3.2.6 <4.0.0
SLVR: conflict: habit_breaker_app requires SDK version >=3.2.6 <4.0.0
SLVR: Version solving took 0:00:00.031547 seconds.
    | Tried 1 solutions.
FINE: Resolving dependencies finished (0.105s).
IO  : HTTP GET https://storage.googleapis.com/flutter_infra_release/releases/releases_linux.json
    | user-agent: Dart pub 3.2.3
IO  : HTTP response 200 OK for GET https://storage.googleapis.com/flutter_infra_release/releases/releases_linux.json
    | took 0:00:00.124544
    | x-goog-storage-class: STANDARD
    | last-modified: Thu, 14 Aug 2025 21:50:26 GMT
    | cache-control: max-age=60
    | access-control-allow-origin: *
    | date: Sat, 16 Aug 2025 17:04:21 GMT
    | x-goog-stored-content-length: 234511
    | age: 0
    | x-guploader-uploadid: ABgVH8-pMndjotAKYxkJN42Mt79SbjSEY5I7i2RIiwRrRrYrgGe_7kW94o5s4qMwetE9Z0Sv
    | access-control-expose-headers: Content-Type
    | x-goog-hash: crc32c=ecI4eg==,md5=IQmGTbycejBYTWyrMpFghg==
    | content-type: application/json
    | x-goog-generation: 1755208226324793
    | server: UploadServer
    | alt-svc: h3=":443"; ma=2592000,h3-29=":443"; ma=2592000
    | accept-ranges: bytes
    | content-length: 234511
    | x-goog-stored-content-encoding: identity
    | etag: "2109864dbc9c7a30584d6cab32916086"
    | x-goog-metageneration: 1
    | expires: Sat, 16 Aug 2025 17:05:21 GMT
SLVR: fact: habit_breaker_app is 1.0.0+1
SLVR: derived: habit_breaker_app
SLVR: fact: habit_breaker_app depends on flutter from sdk
SLVR: fact: habit_breaker_app depends on cupertino_icons ^1.0.6
SLVR: fact: habit_breaker_app depends on flutter_riverpod ^2.4.9
SLVR: fact: habit_breaker_app depends on hive ^2.2.3
SLVR: fact: habit_breaker_app depends on hive_flutter ^1.1.0
SLVR: fact: habit_breaker_app depends on go_router ^12.1.3
SLVR: fact: habit_breaker_app depends on flutter_screenutil ^5.9.0
SLVR: fact: habit_breaker_app depends on cached_network_image ^3.3.0
SLVR: fact: habit_breaker_app depends on flutter_svg ^2.0.9
SLVR: fact: habit_breaker_app depends on dio ^5.4.0
SLVR: fact: habit_breaker_app depends on fl_chart ^0.63.0
SLVR: fact: habit_breaker_app depends on flutter_local_notifications ^16.3.0
SLVR: fact: habit_breaker_app depends on workmanager ^0.5.2
SLVR: fact: habit_breaker_app depends on flutter_secure_storage ^9.0.0
SLVR: fact: habit_breaker_app depends on shared_preferences ^2.2.0
SLVR: fact: habit_breaker_app depends on intl ^0.18.1
SLVR: fact: habit_breaker_app depends on flutter_localizations from sdk
SLVR: fact: habit_breaker_app depends on logger ^2.0.2
SLVR: fact: habit_breaker_app depends on equatable ^2.0.5
SLVR: fact: habit_breaker_app depends on json_annotation ^4.8.1
SLVR: fact: habit_breaker_app depends on flutter_test from sdk
SLVR: fact: habit_breaker_app depends on flutter_lints ^3.0.0
SLVR: fact: habit_breaker_app depends on hive_generator ^2.0.1
SLVR: fact: habit_breaker_app depends on build_runner ^2.4.7
SLVR: fact: habit_breaker_app depends on json_serializable ^6.7.1
SLVR:   selecting habit_breaker_app
SLVR:   derived: json_serializable ^6.7.1
SLVR:   derived: build_runner ^2.4.7
SLVR:   derived: hive_generator ^2.0.1
SLVR:   derived: flutter_lints ^3.0.0
SLVR:   derived: flutter_test from sdk
SLVR:   derived: json_annotation ^4.8.1
SLVR:   derived: equatable ^2.0.5
SLVR:   derived: logger ^2.0.2
SLVR:   derived: flutter_localizations from sdk
SLVR:   derived: intl ^0.18.1
SLVR:   derived: shared_preferences ^2.2.0
SLVR:   derived: flutter_secure_storage ^9.0.0
SLVR:   derived: workmanager ^0.5.2
SLVR:   derived: flutter_local_notifications ^16.3.0
SLVR:   derived: fl_chart ^0.63.0
SLVR:   derived: dio ^5.4.0
SLVR:   derived: flutter_svg ^2.0.9
SLVR:   derived: cached_network_image ^3.3.0
SLVR:   derived: flutter_screenutil ^5.9.0
SLVR:   derived: go_router ^12.1.3
SLVR:   derived: hive_flutter ^1.1.0
SLVR:   derived: hive ^2.2.3
SLVR:   derived: flutter_riverpod ^2.4.9
SLVR:   derived: cupertino_icons ^1.0.6
SLVR:   derived: flutter from sdk
SLVR:   fact: json_serializable 6.8.0 depends on analyzer >=5.12.0 <7.0.0
SLVR:   fact: json_serializable 6.8.0 depends on async ^2.8.0
SLVR:   fact: json_serializable 6.8.0 depends on build ^2.0.0
SLVR:   fact: json_serializable 6.8.0 depends on build_config >=0.4.4 <2.0.0
SLVR:   fact: json_serializable 6.8.0 depends on collection ^1.14.0
SLVR:   fact: json_serializable 6.8.0 depends on json_annotation >=4.9.0 <4.10.0
SLVR:   fact: json_serializable 6.8.0 depends on meta ^1.3.0
SLVR:   fact: json_serializable 6.8.0 depends on path ^1.8.0
SLVR:   fact: json_serializable 6.8.0 depends on pub_semver ^2.0.0
SLVR:   fact: json_serializable 6.8.0 depends on pubspec_parse ^1.0.0
SLVR:   fact: json_serializable 6.8.0 depends on source_gen ^1.3.2
SLVR:   fact: json_serializable 6.8.0 depends on source_helper ^1.3.0
SLVR:     selecting json_serializable 6.8.0
SLVR:     derived: source_helper ^1.3.0
SLVR:     derived: source_gen ^1.3.2
SLVR:     derived: pubspec_parse ^1.0.0
SLVR:     derived: pub_semver ^2.0.0
SLVR:     derived: path ^1.8.0
SLVR:     derived: meta ^1.3.0
SLVR:     derived: json_annotation >=4.9.0 <4.10.0
SLVR:     derived: collection ^1.14.0
SLVR:     derived: build_config >=0.4.4 <2.0.0
SLVR:     derived: build ^2.0.0
SLVR:     derived: async ^2.8.0
SLVR:     derived: analyzer >=5.12.0 <7.0.0
SLVR:     fact: build_runner 2.4.9 depends on analyzer >=4.4.0 <7.0.0
SLVR:     fact: build_runner 2.4.9 depends on args ^2.0.0
SLVR:     fact: build_runner 2.4.9 depends on async ^2.5.0
SLVR:     fact: build_runner 2.4.9 depends on build >=2.1.0 <2.5.0
SLVR:     fact: build_runner 2.4.9 depends on build_config >=1.1.0 <1.2.0
SLVR:     fact: build_runner 2.4.9 depends on build_daemon ^4.0.0
SLVR:     fact: build_runner 2.4.9 depends on build_resolvers ^2.0.0
SLVR:     fact: build_runner 2.4.9 depends on build_runner_core ^7.2.0
SLVR:     fact: build_runner 2.4.9 depends on code_builder ^4.2.0
SLVR:     fact: build_runner 2.4.9 depends on collection ^1.15.0
SLVR:     fact: build_runner 2.4.9 depends on crypto ^3.0.0
SLVR:     fact: build_runner 2.4.9 depends on dart_style ^2.0.0
SLVR:     fact: build_runner 2.4.9 depends on frontend_server_client >=3.0.0 <5.0.0
SLVR:     fact: build_runner 2.4.9 depends on glob ^2.0.0
SLVR:     fact: build_runner 2.4.9 depends on graphs ^2.2.0
SLVR:     fact: build_runner 2.4.9 depends on http_multi_server ^3.0.0
SLVR:     fact: build_runner 2.4.9 depends on io ^1.0.0
SLVR:     fact: build_runner 2.4.9 depends on js >=0.6.3 <0.8.0
SLVR:     fact: build_runner 2.4.9 depends on logging ^1.0.0
SLVR:     fact: build_runner 2.4.9 depends on meta ^1.3.0
SLVR:     fact: build_runner 2.4.9 depends on mime ^1.0.0
SLVR:     fact: build_runner 2.4.9 depends on package_config ^2.0.0
SLVR:     fact: build_runner 2.4.9 depends on path ^1.8.0
SLVR:     fact: build_runner 2.4.9 depends on pool ^1.5.0
SLVR:     fact: build_runner 2.4.9 depends on pub_semver ^2.0.0
SLVR:     fact: build_runner 2.4.9 depends on pubspec_parse ^1.0.0
SLVR:     fact: build_runner 2.4.9 depends on shelf ^1.0.0
SLVR:     fact: build_runner 2.4.9 depends on shelf_web_socket ^1.0.0
SLVR:     fact: build_runner 2.4.9 depends on stack_trace ^1.10.0
SLVR:     fact: build_runner 2.4.9 depends on stream_transform ^2.0.0
SLVR:     fact: build_runner 2.4.9 depends on timing ^1.0.0
SLVR:     fact: build_runner 2.4.9 depends on watcher ^1.0.0
SLVR:     fact: build_runner 2.4.9 depends on web_socket_channel ^2.0.0
SLVR:     fact: build_runner 2.4.9 depends on yaml ^3.0.0
SLVR:       selecting build_runner 2.4.9
SLVR:       derived: yaml ^3.0.0
SLVR:       derived: web_socket_channel ^2.0.0
SLVR:       derived: watcher ^1.0.0
SLVR:       derived: timing ^1.0.0
SLVR:       derived: stream_transform ^2.0.0
SLVR:       derived: stack_trace ^1.10.0
SLVR:       derived: shelf_web_socket ^1.0.0
SLVR:       derived: shelf ^1.0.0
SLVR:       derived: pool ^1.5.0
SLVR:       derived: package_config ^2.0.0
SLVR:       derived: mime ^1.0.0
SLVR:       derived: logging ^1.0.0
SLVR:       derived: js >=0.6.3 <0.8.0
SLVR:       derived: io ^1.0.0
SLVR:       derived: http_multi_server ^3.0.0
SLVR:       derived: graphs ^2.2.0
SLVR:       derived: glob ^2.0.0
SLVR:       derived: frontend_server_client >=3.0.0 <5.0.0
SLVR:       derived: dart_style ^2.0.0
SLVR:       derived: crypto ^3.0.0
SLVR:       derived: collection ^1.15.0
SLVR:       derived: code_builder ^4.2.0
SLVR:       derived: build_runner_core ^7.2.0
SLVR:       derived: build_resolvers ^2.0.0
SLVR:       derived: build_daemon ^4.0.0
SLVR:       derived: build_config >=1.1.0 <1.2.0
SLVR:       derived: build >=2.1.0 <2.5.0
SLVR:       derived: args ^2.0.0
SLVR:       fact: hive_generator 2.0.1 depends on build ^2.0.0
SLVR:       fact: hive_generator 2.0.1 depends on source_gen ^1.0.0
SLVR:       fact: hive_generator 2.0.1 depends on hive ^2.0.4
SLVR:       fact: hive_generator 2.0.1 depends on analyzer >=4.6.0 <7.0.0
SLVR:       fact: hive_generator 2.0.1 depends on source_helper ^1.1.0
SLVR:         selecting hive_generator 2.0.1
SLVR:         fact: flutter_lints 3.0.2 depends on lints ^3.0.0
SLVR:           selecting flutter_lints 3.0.2
SLVR:           derived: lints ^3.0.0
SLVR:           fact: flutter_test 0.0.0 from sdk depends on flutter from sdk
SLVR:           fact: flutter_test 0.0.0 from sdk depends on test_api 0.6.1
SLVR:           fact: flutter_test 0.0.0 from sdk depends on matcher 0.12.16
SLVR:           fact: flutter_test 0.0.0 from sdk depends on path 1.8.3
SLVR:           fact: flutter_test 0.0.0 from sdk depends on fake_async 1.3.1
SLVR:           fact: flutter_test 0.0.0 from sdk depends on clock 1.1.1
SLVR:           fact: flutter_test 0.0.0 from sdk depends on stack_trace 1.11.1
SLVR:           fact: flutter_test 0.0.0 from sdk depends on vector_math 2.1.4
SLVR:           fact: flutter_test 0.0.0 from sdk depends on async 2.11.0
SLVR:           fact: flutter_test 0.0.0 from sdk depends on boolean_selector 2.1.1
SLVR:           fact: flutter_test 0.0.0 from sdk depends on characters 1.3.0
SLVR:           fact: flutter_test 0.0.0 from sdk depends on collection 1.18.0
SLVR:           fact: flutter_test 0.0.0 from sdk depends on material_color_utilities 0.5.0
SLVR:           fact: flutter_test 0.0.0 from sdk depends on meta 1.10.0
SLVR:           fact: flutter_test 0.0.0 from sdk depends on source_span 1.10.0
SLVR:           fact: flutter_test 0.0.0 from sdk depends on stream_channel 2.1.2
SLVR:           fact: flutter_test 0.0.0 from sdk depends on string_scanner 1.2.0
SLVR:           fact: flutter_test 0.0.0 from sdk depends on term_glyph 1.2.1
SLVR:           fact: flutter_test 0.0.0 from sdk depends on web 0.3.0
SLVR:             selecting flutter_test 0.0.0 from sdk
SLVR:             derived: web 0.3.0
SLVR:             derived: term_glyph 1.2.1
SLVR:             derived: string_scanner 1.2.0
SLVR:             derived: stream_channel 2.1.2
SLVR:             derived: source_span 1.10.0
SLVR:             derived: meta 1.10.0
SLVR:             derived: material_color_utilities 0.5.0
SLVR:             derived: collection 1.18.0
SLVR:             derived: characters 1.3.0
SLVR:             derived: boolean_selector 2.1.1
SLVR:             derived: async 2.11.0
SLVR:             derived: vector_math 2.1.4
SLVR:             derived: stack_trace 1.11.1
SLVR:             derived: clock 1.1.1
SLVR:             derived: fake_async 1.3.1
SLVR:             derived: path 1.8.3
SLVR:             derived: matcher 0.12.16
SLVR:             derived: test_api 0.6.1
SLVR:             fact: json_annotation 4.9.0 depends on meta ^1.4.0
SLVR:               selecting json_annotation 4.9.0
SLVR:               fact: equatable 2.0.7 depends on collection ^1.15.0
SLVR:               fact: equatable 2.0.7 depends on meta ^1.3.0
SLVR:                 selecting equatable 2.0.7
SLVR:                   selecting logger 2.6.0
SLVR:                   fact: flutter_localizations 0.0.0 from sdk depends on flutter from sdk
SLVR:                   fact: flutter_localizations 0.0.0 from sdk depends on intl 0.18.1
SLVR:                   fact: flutter_localizations 0.0.0 from sdk depends on characters 1.3.0
SLVR:                   fact: flutter_localizations 0.0.0 from sdk depends on clock 1.1.1
SLVR:                   fact: flutter_localizations 0.0.0 from sdk depends on collection 1.18.0
SLVR:                   fact: flutter_localizations 0.0.0 from sdk depends on material_color_utilities 0.5.0
SLVR:                   fact: flutter_localizations 0.0.0 from sdk depends on meta 1.10.0
SLVR:                   fact: flutter_localizations 0.0.0 from sdk depends on path 1.8.3
SLVR:                   fact: flutter_localizations 0.0.0 from sdk depends on vector_math 2.1.4
SLVR:                   fact: flutter_localizations 0.0.0 from sdk depends on web 0.3.0
SLVR:                     selecting flutter_localizations 0.0.0 from sdk
SLVR:                     derived: intl 0.18.1
SLVR:                     fact: intl 0.18.1 depends on clock ^1.1.0
SLVR:                     fact: intl 0.18.1 depends on meta ^1.0.2
SLVR:                     fact: intl 0.18.1 depends on path ^1.8.0
SLVR:                       selecting intl 0.18.1
SLVR:                       fact: shared_preferences 2.2.3 depends on flutter from sdk
SLVR:                       fact: shared_preferences 2.2.3 depends on shared_preferences_android ^2.1.0
SLVR:                       fact: shared_preferences 2.2.3 depends on shared_preferences_foundation ^2.3.5
SLVR:                       fact: shared_preferences 2.2.3 depends on shared_preferences_linux ^2.2.0
SLVR:                       fact: shared_preferences 2.2.3 depends on shared_preferences_platform_interface ^2.3.0
SLVR:                       fact: shared_preferences 2.2.3 depends on shared_preferences_web ^2.1.0
SLVR:                       fact: shared_preferences 2.2.3 depends on shared_preferences_windows ^2.2.0
SLVR:                         selecting shared_preferences 2.2.3
SLVR:                         derived: shared_preferences_windows ^2.2.0
SLVR:                         derived: shared_preferences_web ^2.1.0
SLVR:                         derived: shared_preferences_platform_interface ^2.3.0
SLVR:                         derived: shared_preferences_linux ^2.2.0
SLVR:                         derived: shared_preferences_foundation ^2.3.5
SLVR:                         derived: shared_preferences_android ^2.1.0
SLVR:                         fact: flutter_secure_storage 9.2.4 depends on flutter from sdk
SLVR:                         fact: flutter_secure_storage 9.2.4 depends on flutter_secure_storage_linux ^1.2.2
SLVR:                         fact: flutter_secure_storage 9.2.4 depends on flutter_secure_storage_macos ^3.1.3
SLVR:                         fact: flutter_secure_storage 9.2.4 depends on flutter_secure_storage_platform_interface ^1.1.2
SLVR:                         fact: flutter_secure_storage 9.2.4 depends on flutter_secure_storage_web ^1.2.1
SLVR:                         fact: flutter_secure_storage 9.2.4 depends on flutter_secure_storage_windows ^3.1.2
SLVR:                         fact: flutter_secure_storage 9.2.4 depends on meta ^1.3.0
SLVR:                           selecting flutter_secure_storage 9.2.4
SLVR:                           derived: flutter_secure_storage_windows ^3.1.2
SLVR:                           derived: flutter_secure_storage_web ^1.2.1
SLVR:                           derived: flutter_secure_storage_platform_interface ^1.1.2
SLVR:                           derived: flutter_secure_storage_macos ^3.1.3
SLVR:                           derived: flutter_secure_storage_linux ^1.2.2
SLVR:                           fact: workmanager 0.5.2 depends on flutter from sdk
SLVR:                             selecting workmanager 0.5.2
SLVR:                             fact: flutter_local_notifications 16.3.3 depends on clock ^1.1.0
SLVR:                             fact: flutter_local_notifications 16.3.3 depends on flutter from sdk
SLVR:                             fact: flutter_local_notifications 16.3.3 depends on flutter_local_notifications_linux ^4.0.0
SLVR:                             fact: flutter_local_notifications 16.3.3 depends on flutter_local_notifications_platform_interface ^7.0.0
SLVR:                             fact: flutter_local_notifications 16.3.3 depends on timezone ^0.9.0
SLVR:                               selecting flutter_local_notifications 16.3.3
SLVR:                               derived: timezone ^0.9.0
SLVR:                               derived: flutter_local_notifications_platform_interface ^7.0.0
SLVR:                               derived: flutter_local_notifications_linux ^4.0.0
SLVR:                               fact: fl_chart 0.63.0 depends on equatable ^2.0.5
SLVR:                               fact: fl_chart 0.63.0 depends on flutter from sdk
SLVR:                                 selecting fl_chart 0.63.0
SLVR:                                 fact: dio 5.9.0 depends on async ^2.8.2
SLVR:                                 fact: dio 5.9.0 depends on collection ^1.16.0
SLVR:                                 fact: dio 5.9.0 depends on http_parser ^4.0.0
SLVR:                                 fact: dio 5.9.0 depends on meta ^1.5.0
SLVR:                                 fact: dio 5.9.0 depends on mime >=1.0.0 <3.0.0
SLVR:                                 fact: dio 5.9.0 depends on path ^1.8.0
SLVR:                                 fact: dio 5.9.0 depends on dio_web_adapter >=1.1.0 <3.0.0
SLVR:                                   selecting dio 5.9.0
SLVR:                                   derived: dio_web_adapter >=1.1.0 <3.0.0
SLVR:                                   derived: http_parser ^4.0.0
SLVR:                                   fact: flutter_svg 2.0.10+1 depends on flutter from sdk
SLVR:                                   fact: flutter_svg 2.0.10+1 depends on http ^1.0.0
SLVR:                                   fact: flutter_svg 2.0.10+1 depends on vector_graphics ^1.1.11
SLVR:                                   fact: flutter_svg 2.0.10+1 depends on vector_graphics_codec ^1.1.11
SLVR:                                   fact: flutter_svg 2.0.10+1 depends on vector_graphics_compiler ^1.1.11
SLVR:                                     selecting flutter_svg 2.0.10+1
SLVR:                                     derived: vector_graphics_compiler ^1.1.11
SLVR:                                     derived: vector_graphics_codec ^1.1.11
SLVR:                                     derived: vector_graphics ^1.1.11
SLVR:                                     derived: http ^1.0.0
SLVR:                                     fact: cached_network_image 3.3.1 depends on cached_network_image_platform_interface ^4.0.0
SLVR:                                     fact: cached_network_image 3.3.1 depends on cached_network_image_web ^1.1.1
SLVR:                                     fact: cached_network_image 3.3.1 depends on flutter from sdk
SLVR:                                     fact: cached_network_image 3.3.1 depends on flutter_cache_manager ^3.3.1
SLVR:                                     fact: cached_network_image 3.3.1 depends on octo_image ^2.0.0
SLVR:                                       selecting cached_network_image 3.3.1
SLVR:                                       derived: octo_image ^2.0.0
SLVR:                                       derived: flutter_cache_manager ^3.3.1
SLVR:                                       derived: cached_network_image_web ^1.1.1
SLVR:                                       derived: cached_network_image_platform_interface ^4.0.0
SLVR:                                       fact: flutter_screenutil 5.9.3 depends on flutter from sdk
SLVR:                                         selecting flutter_screenutil 5.9.3
SLVR:                                         fact: go_router 12.1.3 depends on collection ^1.15.0
SLVR:                                         fact: go_router 12.1.3 depends on flutter from sdk
SLVR:                                         fact: go_router 12.1.3 depends on flutter_web_plugins from sdk
SLVR:                                         fact: go_router 12.1.3 depends on logging ^1.0.0
SLVR:                                         fact: go_router 12.1.3 depends on meta ^1.7.0
SLVR:                                           selecting go_router 12.1.3
SLVR:                                           derived: flutter_web_plugins from sdk
SLVR:                                           fact: hive_flutter 1.1.0 depends on flutter from sdk
SLVR:                                           fact: hive_flutter 1.1.0 depends on hive ^2.0.4
SLVR:                                           fact: hive_flutter 1.1.0 depends on path_provider ^2.0.2
SLVR:                                           fact: hive_flutter 1.1.0 depends on path ^1.8.0
SLVR:                                             selecting hive_flutter 1.1.0
SLVR:                                             derived: path_provider ^2.0.2
SLVR:                                             fact: hive 2.2.3 depends on meta ^1.3.0
SLVR:                                             fact: hive 2.2.3 depends on crypto ^3.0.0
SLVR:                                               selecting hive 2.2.3
SLVR:                                               fact: flutter_riverpod 2.6.1 depends on collection ^1.15.0
SLVR:                                               fact: flutter_riverpod 2.6.1 depends on flutter from sdk
SLVR:                                               fact: flutter_riverpod 2.6.1 depends on meta ^1.4.0
SLVR:                                               fact: flutter_riverpod 2.6.1 depends on riverpod 2.6.1
SLVR:                                               fact: flutter_riverpod 2.6.1 depends on state_notifier >=0.7.2 <2.0.0
SLVR:                                                 selecting flutter_riverpod 2.6.1
SLVR:                                                 derived: state_notifier >=0.7.2 <2.0.0
SLVR:                                                 derived: riverpod 2.6.1
SLVR:                                                   selecting cupertino_icons 1.0.8
SLVR:                                                   fact: flutter 0.0.0 from sdk depends on characters 1.3.0
SLVR:                                                   fact: flutter 0.0.0 from sdk depends on collection 1.18.0
SLVR:                                                   fact: flutter 0.0.0 from sdk depends on material_color_utilities 0.5.0
SLVR:                                                   fact: flutter 0.0.0 from sdk depends on meta 1.10.0
SLVR:                                                   fact: flutter 0.0.0 from sdk depends on vector_math 2.1.4
SLVR:                                                   fact: flutter 0.0.0 from sdk depends on web 0.3.0
SLVR:                                                   fact: flutter 0.0.0 from sdk depends on sky_engine from sdk
SLVR:                                                     selecting flutter 0.0.0 from sdk
SLVR:                                                     derived: sky_engine from sdk
SLVR:                                                     fact: source_helper 1.3.4 depends on analyzer >=5.12.0 <7.0.0
SLVR:                                                     fact: source_helper 1.3.4 depends on collection ^1.15.0
SLVR:                                                     fact: source_helper 1.3.4 depends on source_gen ^1.0.0
SLVR:                                                       selecting source_helper 1.3.4
SLVR:                                                       fact: source_gen 1.5.0 depends on analyzer >=5.2.0 <7.0.0
SLVR:                                                       fact: source_gen 1.5.0 depends on async ^2.5.0
SLVR:                                                       fact: source_gen 1.5.0 depends on build ^2.1.0
SLVR:                                                       fact: source_gen 1.5.0 depends on dart_style ^2.0.0
SLVR:                                                       fact: source_gen 1.5.0 depends on glob ^2.0.0
SLVR:                                                       fact: source_gen 1.5.0 depends on path ^1.8.0
SLVR:                                                       fact: source_gen 1.5.0 depends on source_span ^1.8.0
SLVR:                                                       fact: source_gen 1.5.0 depends on yaml ^3.0.0
SLVR:                                                         selecting source_gen 1.5.0
SLVR:                                                         fact: pubspec_parse 1.4.0 depends on checked_yaml ^2.0.1
SLVR:                                                         fact: pubspec_parse 1.4.0 depends on collection ^1.15.0
SLVR:                                                         fact: pubspec_parse 1.4.0 depends on json_annotation ^4.8.0
SLVR:                                                         fact: pubspec_parse 1.4.0 depends on pub_semver ^2.0.0
SLVR:                                                         fact: pubspec_parse 1.4.0 depends on yaml ^3.0.0
SLVR:                                                           selecting pubspec_parse 1.4.0
SLVR:                                                           derived: checked_yaml ^2.0.1
SLVR:                                                           fact: pub_semver 2.1.4 depends on collection ^1.15.0
SLVR:                                                           fact: pub_semver 2.1.4 depends on meta ^1.3.0
SLVR:                                                             selecting pub_semver 2.1.4
SLVR:                                                               selecting path 1.8.3
SLVR:                                                                 selecting meta 1.10.0
SLVR:                                                                   selecting collection 1.18.0
SLVR:                                                                   fact: build_config 1.1.1 depends on checked_yaml ^2.0.0
SLVR:                                                                   fact: build_config 1.1.1 depends on json_annotation ^4.5.0
SLVR:                                                                   fact: build_config 1.1.1 depends on path ^1.8.0
SLVR:                                                                   fact: build_config 1.1.1 depends on pubspec_parse ^1.0.0
SLVR:                                                                   fact: build_config 1.1.1 depends on yaml ^3.0.0
SLVR:                                                                     selecting build_config 1.1.1
SLVR:                                                                     fact: build 2.4.1 depends on analyzer >=1.5.0 <7.0.0
SLVR:                                                                     fact: build 2.4.1 depends on async ^2.5.0
SLVR:                                                                     fact: build 2.4.1 depends on convert ^3.0.0
SLVR:                                                                     fact: build 2.4.1 depends on crypto ^3.0.0
SLVR:                                                                     fact: build 2.4.1 depends on glob ^2.0.0
SLVR:                                                                     fact: build 2.4.1 depends on logging ^1.0.0
SLVR:                                                                     fact: build 2.4.1 depends on meta ^1.3.0
SLVR:                                                                     fact: build 2.4.1 depends on package_config ^2.1.0
SLVR:                                                                     fact: build 2.4.1 depends on path ^1.8.0
SLVR:                                                                       selecting build 2.4.1
SLVR:                                                                       derived: package_config ^2.1.0
SLVR:                                                                       derived: convert ^3.0.0
SLVR:                                                                       fact: async 2.11.0 depends on collection ^1.15.0
SLVR:                                                                       fact: async 2.11.0 depends on meta ^1.1.7
SLVR:                                                                         selecting async 2.11.0
SLVR:                                                                         fact: analyzer 6.2.0 depends on _fe_analyzer_shared ^64.0.0
SLVR:                                                                         fact: analyzer 6.2.0 depends on collection ^1.17.0
SLVR:                                                                         fact: analyzer 6.2.0 depends on convert ^3.0.0
SLVR:                                                                         fact: analyzer 6.2.0 depends on crypto ^3.0.0
SLVR:                                                                         fact: analyzer 6.2.0 depends on glob ^2.0.0
SLVR:                                                                         fact: analyzer 6.2.0 depends on meta ^1.7.0
SLVR:                                                                         fact: analyzer 6.2.0 depends on package_config ^2.0.0
SLVR:                                                                         fact: analyzer 6.2.0 depends on path ^1.8.0
SLVR:                                                                         fact: analyzer 6.2.0 depends on pub_semver ^2.0.0
SLVR:                                                                         fact: analyzer 6.2.0 depends on source_span ^1.8.0
SLVR:                                                                         fact: analyzer 6.2.0 depends on watcher ^1.0.0
SLVR:                                                                         fact: analyzer 6.2.0 depends on yaml ^3.0.0
SLVR:                                                                           selecting analyzer 6.2.0
SLVR:                                                                           derived: _fe_analyzer_shared ^64.0.0
SLVR:                                                                           fact: yaml 3.1.2 depends on collection ^1.15.0
SLVR:                                                                           fact: yaml 3.1.2 depends on source_span ^1.8.0
SLVR:                                                                           fact: yaml 3.1.2 depends on string_scanner ^1.1.0
SLVR:                                                                             selecting yaml 3.1.2
SLVR:                                                                             fact: web_socket_channel 2.4.0 depends on async ^2.5.0
SLVR:                                                                             fact: web_socket_channel 2.4.0 depends on crypto ^3.0.0
SLVR:                                                                             fact: web_socket_channel 2.4.0 depends on stream_channel ^2.1.0
SLVR:                                                                               selecting web_socket_channel 2.4.0
SLVR:                                                                               fact: watcher 1.1.2 depends on async ^2.5.0
SLVR:                                                                               fact: watcher 1.1.2 depends on path ^1.8.0
SLVR:                                                                                 selecting watcher 1.1.2
SLVR:                                                                                 fact: timing 1.0.1 depends on json_annotation ^4.3.0
SLVR:                                                                                   selecting timing 1.0.1
SLVR:                                                                                     selecting stream_transform 2.1.1
SLVR:                                                                                     fact: stack_trace 1.11.1 depends on path ^1.8.0
SLVR:                                                                                       selecting stack_trace 1.11.1
SLVR:                                                                                       fact: shelf_web_socket 1.0.4 depends on shelf ^1.1.0
SLVR:                                                                                       fact: shelf_web_socket 1.0.4 depends on stream_channel ^2.1.0
SLVR:                                                                                       fact: shelf_web_socket 1.0.4 depends on web_socket_channel ^2.0.0
SLVR:                                                                                         selecting shelf_web_socket 1.0.4
SLVR:                                                                                         derived: shelf ^1.1.0
SLVR:                                                                                         fact: shelf 1.4.1 depends on async ^2.5.0
SLVR:                                                                                         fact: shelf 1.4.1 depends on collection ^1.15.0
SLVR:                                                                                         fact: shelf 1.4.1 depends on http_parser ^4.0.0
SLVR:                                                                                         fact: shelf 1.4.1 depends on path ^1.8.0
SLVR:                                                                                         fact: shelf 1.4.1 depends on stack_trace ^1.10.0
SLVR:                                                                                         fact: shelf 1.4.1 depends on stream_channel ^2.1.0
SLVR:                                                                                           selecting shelf 1.4.1
SLVR:                                                                                           fact: pool 1.5.1 depends on async ^2.5.0
SLVR:                                                                                           fact: pool 1.5.1 depends on stack_trace ^1.10.0
SLVR:                                                                                             selecting pool 1.5.1
SLVR:                                                                                             fact: package_config 2.1.0 depends on path ^1.8.0
SLVR:                                                                                               selecting package_config 2.1.0
SLVR:                                                                                                 selecting mime 1.0.6
SLVR:                                                                                                   selecting logging 1.2.0
SLVR:                                                                                                   fact: js 0.6.7 depends on meta ^1.7.0
SLVR:                                                                                                     selecting js 0.6.7
SLVR:                                                                                                     fact: io 1.0.4 depends on meta ^1.3.0
SLVR:                                                                                                     fact: io 1.0.4 depends on path ^1.8.0
SLVR:                                                                                                     fact: io 1.0.4 depends on string_scanner ^1.1.0
SLVR:                                                                                                       selecting io 1.0.4
SLVR:                                                                                                       fact: http_multi_server 3.2.2 depends on async ^2.5.0
SLVR:                                                                                                         selecting http_multi_server 3.2.2
SLVR:                                                                                                         fact: graphs 2.3.1 depends on collection ^1.1.0
SLVR:                                                                                                           selecting graphs 2.3.1
SLVR:                                                                                                           fact: glob 2.1.2 depends on async ^2.5.0
SLVR:                                                                                                           fact: glob 2.1.2 depends on collection ^1.15.0
SLVR:                                                                                                           fact: glob 2.1.2 depends on file >=6.1.3 <8.0.0
SLVR:                                                                                                           fact: glob 2.1.2 depends on path ^1.8.0
SLVR:                                                                                                           fact: glob 2.1.2 depends on string_scanner ^1.1.0
SLVR:                                                                                                             selecting glob 2.1.2
SLVR:                                                                                                             derived: file >=6.1.3 <8.0.0
SLVR:                                                                                                             fact: frontend_server_client 4.0.0 depends on async ^2.5.0
SLVR:                                                                                                             fact: frontend_server_client 4.0.0 depends on path ^1.8.0
SLVR:                                                                                                               selecting frontend_server_client 4.0.0
SLVR:                                                                                                               fact: dart_style 2.3.6 depends on analyzer ^6.2.0
SLVR:                                                                                                               fact: dart_style 2.3.6 depends on args >=1.0.0 <3.0.0
SLVR:                                                                                                               fact: dart_style 2.3.6 depends on collection ^1.17.0
SLVR:                                                                                                               fact: dart_style 2.3.6 depends on path ^1.0.0
SLVR:                                                                                                               fact: dart_style 2.3.6 depends on pub_semver >=1.4.4 <3.0.0
SLVR:                                                                                                               fact: dart_style 2.3.6 depends on source_span ^1.4.0
SLVR:                                                                                                                 selecting dart_style 2.3.6
SLVR:                                                                                                                 fact: crypto 3.0.3 depends on typed_data ^1.3.0
SLVR:                                                                                                                   selecting crypto 3.0.3
SLVR:                                                                                                                   derived: typed_data ^1.3.0
SLVR:                                                                                                                   fact: code_builder 4.10.0 depends on built_collection ^5.0.0
SLVR:                                                                                                                   fact: code_builder 4.10.0 depends on built_value ^8.0.0
SLVR:                                                                                                                   fact: code_builder 4.10.0 depends on collection ^1.15.0
SLVR:                                                                                                                   fact: code_builder 4.10.0 depends on matcher ^0.12.10
SLVR:                                                                                                                   fact: code_builder 4.10.0 depends on meta ^1.3.0
SLVR:                                                                                                                     selecting code_builder 4.10.0
SLVR:                                                                                                                     derived: built_value ^8.0.0
SLVR:                                                                                                                     derived: built_collection ^5.0.0
SLVR:                                                                                                                     fact: build_runner_core 7.3.0 depends on async ^2.5.0
SLVR:                                                                                                                     fact: build_runner_core 7.3.0 depends on build ^2.4.0
SLVR:                                                                                                                     fact: build_runner_core 7.3.0 depends on build_config ^1.0.0
SLVR:                                                                                                                     fact: build_runner_core 7.3.0 depends on build_resolvers ^2.4.0
SLVR:                                                                                                                     fact: build_runner_core 7.3.0 depends on collection ^1.15.0
SLVR:                                                                                                                     fact: build_runner_core 7.3.0 depends on convert ^3.0.0
SLVR:                                                                                                                     fact: build_runner_core 7.3.0 depends on crypto ^3.0.0
SLVR:                                                                                                                     fact: build_runner_core 7.3.0 depends on glob ^2.0.0
SLVR:                                                                                                                     fact: build_runner_core 7.3.0 depends on graphs ^2.0.0
SLVR:                                                                                                                     fact: build_runner_core 7.3.0 depends on json_annotation ^4.8.1
SLVR:                                                                                                                     fact: build_runner_core 7.3.0 depends on logging ^1.2.0
SLVR:                                                                                                                     fact: build_runner_core 7.3.0 depends on meta ^1.3.0
SLVR:                                                                                                                     fact: build_runner_core 7.3.0 depends on package_config ^2.0.0
SLVR:                                                                                                                     fact: build_runner_core 7.3.0 depends on path ^1.8.0
SLVR:                                                                                                                     fact: build_runner_core 7.3.0 depends on pool ^1.5.0
SLVR:                                                                                                                     fact: build_runner_core 7.3.0 depends on timing ^1.0.0
SLVR:                                                                                                                     fact: build_runner_core 7.3.0 depends on watcher ^1.0.0
SLVR:                                                                                                                     fact: build_runner_core 7.3.0 depends on yaml ^3.0.0
SLVR:                                                                                                                       selecting build_runner_core 7.3.0
SLVR:                                                                                                                       derived: build_resolvers ^2.4.0
SLVR:                                                                                                                       fact: build_resolvers 2.4.2 depends on analyzer >=5.12.0 <7.0.0
SLVR:                                                                                                                       fact: build_resolvers 2.4.2 depends on async ^2.5.0
SLVR:                                                                                                                       fact: build_resolvers 2.4.2 depends on build ^2.0.0
SLVR:                                                                                                                       fact: build_resolvers 2.4.2 depends on collection ^1.17.0
SLVR:                                                                                                                       fact: build_resolvers 2.4.2 depends on convert ^3.1.1
SLVR:                                                                                                                       fact: build_resolvers 2.4.2 depends on crypto ^3.0.0
SLVR:                                                                                                                       fact: build_resolvers 2.4.2 depends on graphs >=1.0.0 <3.0.0
SLVR:                                                                                                                       fact: build_resolvers 2.4.2 depends on logging ^1.0.0
SLVR:                                                                                                                       fact: build_resolvers 2.4.2 depends on package_config ^2.0.0
SLVR:                                                                                                                       fact: build_resolvers 2.4.2 depends on path ^1.8.0
SLVR:                                                                                                                       fact: build_resolvers 2.4.2 depends on pool ^1.5.0
SLVR:                                                                                                                       fact: build_resolvers 2.4.2 depends on pub_semver ^2.0.0
SLVR:                                                                                                                       fact: build_resolvers 2.4.2 depends on stream_transform ^2.0.0
SLVR:                                                                                                                       fact: build_resolvers 2.4.2 depends on yaml ^3.0.0
SLVR:                                                                                                                         selecting build_resolvers 2.4.2
SLVR:                                                                                                                         derived: convert ^3.1.1
SLVR:                                                                                                                         fact: build_daemon 4.0.1 depends on built_collection ^5.0.0
SLVR:                                                                                                                         fact: build_daemon 4.0.1 depends on built_value ^8.1.0
SLVR:                                                                                                                         fact: build_daemon 4.0.1 depends on crypto ^3.0.3
SLVR:                                                                                                                         fact: build_daemon 4.0.1 depends on http_multi_server ^3.0.0
SLVR:                                                                                                                         fact: build_daemon 4.0.1 depends on logging ^1.0.0
SLVR:                                                                                                                         fact: build_daemon 4.0.1 depends on path ^1.8.0
SLVR:                                                                                                                         fact: build_daemon 4.0.1 depends on pool ^1.5.0
SLVR:                                                                                                                         fact: build_daemon 4.0.1 depends on shelf ^1.0.0
SLVR:                                                                                                                         fact: build_daemon 4.0.1 depends on shelf_web_socket ^1.0.0
SLVR:                                                                                                                         fact: build_daemon 4.0.1 depends on stream_transform ^2.0.0
SLVR:                                                                                                                         fact: build_daemon 4.0.1 depends on watcher ^1.0.0
SLVR:                                                                                                                         fact: build_daemon 4.0.1 depends on web_socket_channel ^2.0.0
SLVR:                                                                                                                           selecting build_daemon 4.0.1
SLVR:                                                                                                                           derived: built_value ^8.1.0
SLVR:                                                                                                                             selecting args 2.5.0
SLVR:                                                                                                                               selecting lints 3.0.0
SLVR:                                                                                                                                 selecting web 0.3.0
SLVR:                                                                                                                                   selecting term_glyph 1.2.1
SLVR:                                                                                                                                   fact: string_scanner 1.2.0 depends on source_span ^1.8.0
SLVR:                                                                                                                                     selecting string_scanner 1.2.0
SLVR:                                                                                                                                     fact: stream_channel 2.1.2 depends on async ^2.5.0
SLVR:                                                                                                                                       selecting stream_channel 2.1.2
SLVR:                                                                                                                                       fact: source_span 1.10.0 depends on collection ^1.15.0
SLVR:                                                                                                                                       fact: source_span 1.10.0 depends on path ^1.8.0
SLVR:                                                                                                                                       fact: source_span 1.10.0 depends on term_glyph ^1.2.0
SLVR:                                                                                                                                         selecting source_span 1.10.0
SLVR:                                                                                                                                         fact: material_color_utilities 0.5.0 depends on collection ^1.15.0
SLVR:                                                                                                                                           selecting material_color_utilities 0.5.0
SLVR:                                                                                                                                             selecting characters 1.3.0
SLVR:                                                                                                                                             fact: boolean_selector 2.1.1 depends on source_span ^1.8.0
SLVR:                                                                                                                                             fact: boolean_selector 2.1.1 depends on string_scanner ^1.1.0
SLVR:                                                                                                                                               selecting boolean_selector 2.1.1
SLVR:                                                                                                                                                 selecting vector_math 2.1.4
SLVR:                                                                                                                                                   selecting clock 1.1.1
SLVR:                                                                                                                                                   fact: fake_async 1.3.1 depends on clock ^1.1.0
SLVR:                                                                                                                                                   fact: fake_async 1.3.1 depends on collection ^1.15.0
SLVR:                                                                                                                                                     selecting fake_async 1.3.1
SLVR:                                                                                                                                                     fact: matcher 0.12.16 depends on async ^2.10.0
SLVR:                                                                                                                                                     fact: matcher 0.12.16 depends on meta ^1.8.0
SLVR:                                                                                                                                                     fact: matcher 0.12.16 depends on stack_trace ^1.10.0
SLVR:                                                                                                                                                     fact: matcher 0.12.16 depends on term_glyph ^1.2.0
SLVR:                                                                                                                                                     fact: matcher 0.12.16 depends on test_api >=0.5.0 <0.7.0
SLVR:                                                                                                                                                       selecting matcher 0.12.16
SLVR:                                                                                                                                                       fact: test_api 0.6.1 depends on async ^2.5.0
SLVR:                                                                                                                                                       fact: test_api 0.6.1 depends on boolean_selector ^2.1.0
SLVR:                                                                                                                                                       fact: test_api 0.6.1 depends on collection ^1.15.0
SLVR:                                                                                                                                                       fact: test_api 0.6.1 depends on meta ^1.3.0
SLVR:                                                                                                                                                       fact: test_api 0.6.1 depends on source_span ^1.8.0
SLVR:                                                                                                                                                       fact: test_api 0.6.1 depends on stack_trace ^1.10.0
SLVR:                                                                                                                                                       fact: test_api 0.6.1 depends on stream_channel ^2.1.0
SLVR:                                                                                                                                                       fact: test_api 0.6.1 depends on string_scanner ^1.1.0
SLVR:                                                                                                                                                       fact: test_api 0.6.1 depends on term_glyph ^1.2.0
SLVR:                                                                                                                                                         selecting test_api 0.6.1
SLVR:                                                                                                                                                         fact: shared_preferences_windows 2.4.0 depends on file >=6.0.0 <8.0.0
SLVR:                                                                                                                                                         fact: shared_preferences_windows 2.4.0 depends on flutter from sdk
SLVR:                                                                                                                                                         fact: shared_preferences_windows 2.4.0 depends on path ^1.8.0
SLVR:                                                                                                                                                         fact: shared_preferences_windows 2.4.0 depends on path_provider_platform_interface ^2.0.0
SLVR:                                                                                                                                                         fact: shared_preferences_windows 2.4.0 depends on path_provider_windows ^2.0.0
SLVR:                                                                                                                                                         fact: shared_preferences_windows 2.4.0 depends on shared_preferences_platform_interface ^2.4.0
SLVR:                                                                                                                                                           selecting shared_preferences_windows 2.4.0
SLVR:                                                                                                                                                           derived: shared_preferences_platform_interface ^2.4.0
SLVR:                                                                                                                                                           derived: path_provider_windows ^2.0.0
SLVR:                                                                                                                                                           derived: path_provider_platform_interface ^2.0.0
SLVR:                                                                                                                                                           fact: shared_preferences_web 2.2.2 depends on flutter from sdk
SLVR:                                                                                                                                                           fact: shared_preferences_web 2.2.2 depends on flutter_web_plugins from sdk
SLVR:                                                                                                                                                           fact: shared_preferences_web 2.2.2 depends on shared_preferences_platform_interface ^2.3.0
SLVR:                                                                                                                                                           fact: shared_preferences_web 2.2.2 depends on web >=0.3.0 <0.5.0
SLVR:                                                                                                                                                             selecting shared_preferences_web 2.2.2
SLVR:                                                                                                                                                             fact: shared_preferences_platform_interface 2.4.1 depends on flutter from sdk
SLVR:                                                                                                                                                             fact: shared_preferences_platform_interface 2.4.1 depends on plugin_platform_interface ^2.1.7
SLVR:                                                                                                                                                               selecting shared_preferences_platform_interface 2.4.1
SLVR:                                                                                                                                                               derived: plugin_platform_interface ^2.1.7
SLVR:                                                                                                                                                               fact: shared_preferences_linux 2.4.0 depends on file >=6.0.0 <8.0.0
SLVR:                                                                                                                                                               fact: shared_preferences_linux 2.4.0 depends on flutter from sdk
SLVR:                                                                                                                                                               fact: shared_preferences_linux 2.4.0 depends on path ^1.8.0
SLVR:                                                                                                                                                               fact: shared_preferences_linux 2.4.0 depends on path_provider_linux ^2.0.0
SLVR:                                                                                                                                                               fact: shared_preferences_linux 2.4.0 depends on path_provider_platform_interface ^2.0.0
SLVR:                                                                                                                                                               fact: shared_preferences_linux 2.4.0 depends on shared_preferences_platform_interface ^2.4.0
SLVR:                                                                                                                                                                 selecting shared_preferences_linux 2.4.0
SLVR:                                                                                                                                                                 derived: path_provider_linux ^2.0.0
SLVR:                                                                                                                                                                 fact: shared_preferences_foundation 2.5.0 depends on flutter from sdk
SLVR:                                                                                                                                                                 fact: shared_preferences_foundation 2.5.0 depends on shared_preferences_platform_interface ^2.4.0
SLVR:                                                                                                                                                                   selecting shared_preferences_foundation 2.5.0
SLVR:                                                                                                                                                                   fact: shared_preferences_android 2.2.2 depends on flutter from sdk
SLVR:                                                                                                                                                                   fact: shared_preferences_android 2.2.2 depends on shared_preferences_platform_interface ^2.3.0
SLVR:                                                                                                                                                                     selecting shared_preferences_android 2.2.2
SLVR:                                                                                                                                                                     fact: flutter_secure_storage_windows 3.1.2 depends on ffi ^2.0.0
SLVR:                                                                                                                                                                     fact: flutter_secure_storage_windows 3.1.2 depends on flutter from sdk
SLVR:                                                                                                                                                                     fact: flutter_secure_storage_windows 3.1.2 depends on flutter_secure_storage_platform_interface ^1.1.1
SLVR:                                                                                                                                                                     fact: flutter_secure_storage_windows 3.1.2 depends on path ^1.8.0
SLVR:                                                                                                                                                                     fact: flutter_secure_storage_windows 3.1.2 depends on path_provider ^2.0.0
SLVR:                                                                                                                                                                     fact: flutter_secure_storage_windows 3.1.2 depends on win32 ^5.0.0
SLVR:                                                                                                                                                                       selecting flutter_secure_storage_windows 3.1.2
SLVR:                                                                                                                                                                       derived: win32 ^5.0.0
SLVR:                                                                                                                                                                       derived: ffi ^2.0.0
SLVR:                                                                                                                                                                       fact: flutter_secure_storage_web 1.2.1 depends on flutter from sdk
SLVR:                                                                                                                                                                       fact: flutter_secure_storage_web 1.2.1 depends on flutter_secure_storage_platform_interface ^1.1.1
SLVR:                                                                                                                                                                       fact: flutter_secure_storage_web 1.2.1 depends on flutter_web_plugins from sdk
SLVR:                                                                                                                                                                       fact: flutter_secure_storage_web 1.2.1 depends on js ^0.6.3
SLVR:                                                                                                                                                                         selecting flutter_secure_storage_web 1.2.1
SLVR:                                                                                                                                                                         fact: flutter_secure_storage_platform_interface 1.1.2 depends on flutter from sdk
SLVR:                                                                                                                                                                         fact: flutter_secure_storage_platform_interface 1.1.2 depends on plugin_platform_interface ^2.0.1
SLVR:                                                                                                                                                                           selecting flutter_secure_storage_platform_interface 1.1.2
SLVR:                                                                                                                                                                           fact: flutter_secure_storage_macos 3.1.3 depends on flutter from sdk
SLVR:                                                                                                                                                                           fact: flutter_secure_storage_macos 3.1.3 depends on flutter_secure_storage_platform_interface ^1.1.2
SLVR:                                                                                                                                                                             selecting flutter_secure_storage_macos 3.1.3
SLVR:                                                                                                                                                                             fact: flutter_secure_storage_linux 1.2.3 depends on flutter from sdk
SLVR:                                                                                                                                                                             fact: flutter_secure_storage_linux 1.2.3 depends on flutter_secure_storage_platform_interface ^1.0.1
SLVR:                                                                                                                                                                               selecting flutter_secure_storage_linux 1.2.3
SLVR:                                                                                                                                                                               fact: timezone 0.9.4 depends on path ^1.8.0
SLVR:                                                                                                                                                                                 selecting timezone 0.9.4
SLVR:                                                                                                                                                                                 fact: flutter_local_notifications_platform_interface 7.2.0 depends on flutter from sdk
SLVR:                                                                                                                                                                                 fact: flutter_local_notifications_platform_interface 7.2.0 depends on plugin_platform_interface ^2.0.0
SLVR:                                                                                                                                                                                   selecting flutter_local_notifications_platform_interface 7.2.0
SLVR:                                                                                                                                                                                   fact: flutter_local_notifications_linux 4.0.1 depends on dbus ^0.7.8
SLVR:                                                                                                                                                                                   fact: flutter_local_notifications_linux 4.0.1 depends on ffi ^2.0.1
SLVR:                                                                                                                                                                                   fact: flutter_local_notifications_linux 4.0.1 depends on flutter from sdk
SLVR:                                                                                                                                                                                   fact: flutter_local_notifications_linux 4.0.1 depends on flutter_local_notifications_platform_interface ^7.0.0
SLVR:                                                                                                                                                                                   fact: flutter_local_notifications_linux 4.0.1 depends on path ^1.8.0
SLVR:                                                                                                                                                                                   fact: flutter_local_notifications_linux 4.0.1 depends on xdg_directories >=0.2.0+1 <2.0.0
SLVR:                                                                                                                                                                                     selecting flutter_local_notifications_linux 4.0.1
SLVR:                                                                                                                                                                                     derived: xdg_directories >=0.2.0+1 <2.0.0
SLVR:                                                                                                                                                                                     derived: ffi ^2.0.1
SLVR:                                                                                                                                                                                     derived: dbus ^0.7.8
SLVR:                                                                                                                                                                                     fact: dio_web_adapter 1.1.1 depends on dio ^5.8.0
SLVR:                                                                                                                                                                                     fact: dio_web_adapter 1.1.1 depends on http_parser ^4.0.0
SLVR:                                                                                                                                                                                     fact: dio_web_adapter 1.1.1 depends on meta ^1.5.0
SLVR:                                                                                                                                                                                       selecting dio_web_adapter 1.1.1
SLVR:                                                                                                                                                                                       fact: http_parser 4.0.2 depends on collection ^1.15.0
SLVR:                                                                                                                                                                                       fact: http_parser 4.0.2 depends on source_span ^1.8.0
SLVR:                                                                                                                                                                                       fact: http_parser 4.0.2 depends on string_scanner ^1.1.0
SLVR:                                                                                                                                                                                       fact: http_parser 4.0.2 depends on typed_data ^1.3.0
SLVR:                                                                                                                                                                                         selecting http_parser 4.0.2
SLVR:                                                                                                                                                                                         fact: vector_graphics_compiler 1.1.11+1 depends on args ^2.3.0
SLVR:                                                                                                                                                                                         fact: vector_graphics_compiler 1.1.11+1 depends on meta ^1.7.0
SLVR:                                                                                                                                                                                         fact: vector_graphics_compiler 1.1.11+1 depends on path_parsing ^1.0.1
SLVR:                                                                                                                                                                                         fact: vector_graphics_compiler 1.1.11+1 depends on xml ^6.3.0
SLVR:                                                                                                                                                                                         fact: vector_graphics_compiler 1.1.11+1 depends on vector_graphics_codec 1.1.11+1
SLVR:                                                                                                                                                                                         fact: vector_graphics_compiler 1.1.11+1 depends on path ^1.8.0
SLVR:                                                                                                                                                                                           selecting vector_graphics_compiler 1.1.11+1
SLVR:                                                                                                                                                                                           derived: vector_graphics_codec 1.1.11+1
SLVR:                                                                                                                                                                                           derived: xml ^6.3.0
SLVR:                                                                                                                                                                                           derived: path_parsing ^1.0.1
SLVR:                                                                                                                                                                                             selecting vector_graphics_codec 1.1.11+1
SLVR:                                                                                                                                                                                             fact: vector_graphics 1.1.11+1 depends on flutter from sdk
SLVR:                                                                                                                                                                                             fact: vector_graphics 1.1.11+1 depends on http ^1.0.0
SLVR:                                                                                                                                                                                             fact: vector_graphics 1.1.11+1 depends on vector_graphics_codec 1.1.11+1
SLVR:                                                                                                                                                                                               selecting vector_graphics 1.1.11+1
SLVR:                                                                                                                                                                                               fact: http 1.2.0 depends on async ^2.5.0
SLVR:                                                                                                                                                                                               fact: http 1.2.0 depends on http_parser ^4.0.0
SLVR:                                                                                                                                                                                               fact: http 1.2.0 depends on meta ^1.3.0
SLVR:                                                                                                                                                                                               fact: http 1.2.0 depends on web >=0.3.0 <0.5.0
SLVR:                                                                                                                                                                                                 selecting http 1.2.0
SLVR:                                                                                                                                                                                                 fact: octo_image 2.1.0 depends on flutter from sdk
SLVR:                                                                                                                                                                                                   selecting octo_image 2.1.0
SLVR:                                                                                                                                                                                                   fact: flutter_cache_manager 3.3.1 depends on clock ^1.1.0
SLVR:                                                                                                                                                                                                   fact: flutter_cache_manager 3.3.1 depends on collection ^1.15.0
SLVR:                                                                                                                                                                                                   fact: flutter_cache_manager 3.3.1 depends on file >=6.1.4 <8.0.0
SLVR:                                                                                                                                                                                                   fact: flutter_cache_manager 3.3.1 depends on flutter from sdk
SLVR:                                                                                                                                                                                                   fact: flutter_cache_manager 3.3.1 depends on http >=0.13.0 <2.0.0
SLVR:                                                                                                                                                                                                   fact: flutter_cache_manager 3.3.1 depends on path ^1.8.0
SLVR:                                                                                                                                                                                                   fact: flutter_cache_manager 3.3.1 depends on path_provider ^2.0.0
SLVR:                                                                                                                                                                                                   fact: flutter_cache_manager 3.3.1 depends on rxdart >=0.26.0 <0.28.0
SLVR:                                                                                                                                                                                                   fact: flutter_cache_manager 3.3.1 depends on sqflite ^2.0.0+4
SLVR:                                                                                                                                                                                                   fact: flutter_cache_manager 3.3.1 depends on uuid >=3.0.0 <5.0.0
SLVR:                                                                                                                                                                                                     selecting flutter_cache_manager 3.3.1
SLVR:                                                                                                                                                                                                     derived: uuid >=3.0.0 <5.0.0
SLVR:                                                                                                                                                                                                     derived: sqflite ^2.0.0+4
SLVR:                                                                                                                                                                                                     derived: rxdart >=0.26.0 <0.28.0
SLVR:                                                                                                                                                                                                     derived: file >=6.1.4 <8.0.0
SLVR:                                                                                                                                                                                                     fact: cached_network_image_web 1.2.0 depends on cached_network_image_platform_interface ^4.0.0
SLVR:                                                                                                                                                                                                     fact: cached_network_image_web 1.2.0 depends on flutter from sdk
SLVR:                                                                                                                                                                                                     fact: cached_network_image_web 1.2.0 depends on flutter_cache_manager ^3.3.1
SLVR:                                                                                                                                                                                                       selecting cached_network_image_web 1.2.0
SLVR:                                                                                                                                                                                                       fact: cached_network_image_platform_interface 4.0.0 depends on flutter from sdk
SLVR:                                                                                                                                                                                                       fact: cached_network_image_platform_interface 4.0.0 depends on flutter_cache_manager ^3.3.1
SLVR:                                                                                                                                                                                                         selecting cached_network_image_platform_interface 4.0.0
SLVR:                                                                                                                                                                                                         fact: flutter_web_plugins 0.0.0 from sdk depends on flutter from sdk
SLVR:                                                                                                                                                                                                         fact: flutter_web_plugins 0.0.0 from sdk depends on characters 1.3.0
SLVR:                                                                                                                                                                                                         fact: flutter_web_plugins 0.0.0 from sdk depends on collection 1.18.0
SLVR:                                                                                                                                                                                                         fact: flutter_web_plugins 0.0.0 from sdk depends on material_color_utilities 0.5.0
SLVR:                                                                                                                                                                                                         fact: flutter_web_plugins 0.0.0 from sdk depends on meta 1.10.0
SLVR:                                                                                                                                                                                                         fact: flutter_web_plugins 0.0.0 from sdk depends on vector_math 2.1.4
SLVR:                                                                                                                                                                                                         fact: flutter_web_plugins 0.0.0 from sdk depends on web 0.3.0
SLVR:                                                                                                                                                                                                           selecting flutter_web_plugins 0.0.0 from sdk
SLVR:                                                                                                                                                                                                           fact: path_provider 2.1.4 depends on flutter from sdk
SLVR:                                                                                                                                                                                                           fact: path_provider 2.1.4 depends on path_provider_android ^2.2.0
SLVR:                                                                                                                                                                                                           fact: path_provider 2.1.4 depends on path_provider_foundation ^2.3.2
SLVR:                                                                                                                                                                                                           fact: path_provider 2.1.4 depends on path_provider_linux ^2.2.0
SLVR:                                                                                                                                                                                                           fact: path_provider 2.1.4 depends on path_provider_platform_interface ^2.1.0
SLVR:                                                                                                                                                                                                           fact: path_provider 2.1.4 depends on path_provider_windows ^2.2.0
SLVR:                                                                                                                                                                                                             selecting path_provider 2.1.4
SLVR:                                                                                                                                                                                                             derived: path_provider_windows ^2.2.0
SLVR:                                                                                                                                                                                                             derived: path_provider_platform_interface ^2.1.0
SLVR:                                                                                                                                                                                                             derived: path_provider_linux ^2.2.0
SLVR:                                                                                                                                                                                                             derived: path_provider_foundation ^2.3.2
SLVR:                                                                                                                                                                                                             derived: path_provider_android ^2.2.0
SLVR:                                                                                                                                                                                                             fact: state_notifier 1.0.0 depends on meta ^1.1.8
SLVR:                                                                                                                                                                                                               selecting state_notifier 1.0.0
SLVR:                                                                                                                                                                                                               fact: riverpod 2.6.1 depends on collection ^1.18.0
SLVR:                                                                                                                                                                                                               fact: riverpod 2.6.1 depends on meta ^1.9.0
SLVR:                                                                                                                                                                                                               fact: riverpod 2.6.1 depends on stack_trace ^1.10.0
SLVR:                                                                                                                                                                                                               fact: riverpod 2.6.1 depends on state_notifier >=0.7.2 <2.0.0
SLVR:                                                                                                                                                                                                                 selecting riverpod 2.6.1
SLVR:                                                                                                                                                                                                                   selecting sky_engine 0.0.99 from sdk
SLVR:                                                                                                                                                                                                                   fact: checked_yaml 2.0.3 depends on json_annotation ^4.3.0
SLVR:                                                                                                                                                                                                                   fact: checked_yaml 2.0.3 depends on source_span ^1.8.0
SLVR:                                                                                                                                                                                                                   fact: checked_yaml 2.0.3 depends on yaml ^3.0.0
SLVR:                                                                                                                                                                                                                     selecting checked_yaml 2.0.3
SLVR:                                                                                                                                                                                                                     fact: convert 3.1.1 depends on typed_data ^1.3.0
SLVR:                                                                                                                                                                                                                       selecting convert 3.1.1
SLVR:                                                                                                                                                                                                                       fact: _fe_analyzer_shared 64.0.0 depends on meta ^1.9.0
SLVR:                                                                                                                                                                                                                         selecting _fe_analyzer_shared 64.0.0
SLVR:                                                                                                                                                                                                                         fact: file 7.0.1 depends on meta ^1.9.1
SLVR:                                                                                                                                                                                                                         fact: file 7.0.1 depends on path ^1.8.3
SLVR:                                                                                                                                                                                                                           selecting file 7.0.1
SLVR:                                                                                                                                                                                                                           fact: typed_data 1.3.2 depends on collection ^1.15.0
SLVR:                                                                                                                                                                                                                             selecting typed_data 1.3.2
SLVR:                                                                                                                                                                                                                             fact: built_value 8.11.1 depends on built_collection ^5.0.0
SLVR:                                                                                                                                                                                                                             fact: built_value 8.11.1 depends on collection ^1.15.0
SLVR:                                                                                                                                                                                                                             fact: built_value 8.11.1 depends on fixnum ^1.0.0
SLVR:                                                                                                                                                                                                                             fact: built_value 8.11.1 depends on meta ^1.3.0
SLVR:                                                                                                                                                                                                                               selecting built_value 8.11.1
SLVR:                                                                                                                                                                                                                               derived: fixnum ^1.0.0
SLVR:                                                                                                                                                                                                                                 selecting built_collection 5.1.1
SLVR:                                                                                                                                                                                                                                 fact: path_provider_windows 2.3.0 depends on ffi ^2.0.0
SLVR:                                                                                                                                                                                                                                 fact: path_provider_windows 2.3.0 depends on flutter from sdk
SLVR:                                                                                                                                                                                                                                 fact: path_provider_windows 2.3.0 depends on path ^1.8.0
SLVR:                                                                                                                                                                                                                                 fact: path_provider_windows 2.3.0 depends on path_provider_platform_interface ^2.1.0
SLVR:                                                                                                                                                                                                                                   selecting path_provider_windows 2.3.0
SLVR:                                                                                                                                                                                                                                   fact: path_provider_platform_interface 2.1.2 depends on flutter from sdk
SLVR:                                                                                                                                                                                                                                   fact: path_provider_platform_interface 2.1.2 depends on platform ^3.0.0
SLVR:                                                                                                                                                                                                                                   fact: path_provider_platform_interface 2.1.2 depends on plugin_platform_interface ^2.1.7
SLVR:                                                                                                                                                                                                                                     selecting path_provider_platform_interface 2.1.2
SLVR:                                                                                                                                                                                                                                     derived: platform ^3.0.0
SLVR:                                                                                                                                                                                                                                     fact: plugin_platform_interface 2.1.8 depends on meta ^1.3.0
SLVR:                                                                                                                                                                                                                                       selecting plugin_platform_interface 2.1.8
SLVR:                                                                                                                                                                                                                                       fact: path_provider_linux 2.2.1 depends on ffi >=1.1.2 <3.0.0
SLVR:                                                                                                                                                                                                                                       fact: path_provider_linux 2.2.1 depends on flutter from sdk
SLVR:                                                                                                                                                                                                                                       fact: path_provider_linux 2.2.1 depends on path ^1.8.0
SLVR:                                                                                                                                                                                                                                       fact: path_provider_linux 2.2.1 depends on path_provider_platform_interface ^2.1.0
SLVR:                                                                                                                                                                                                                                       fact: path_provider_linux 2.2.1 depends on xdg_directories >=0.2.0 <2.0.0
SLVR:                                                                                                                                                                                                                                         selecting path_provider_linux 2.2.1
SLVR:                                                                                                                                                                                                                                         fact: win32 5.2.0 depends on ffi ^2.1.0
SLVR:                                                                                                                                                                                                                                           selecting win32 5.2.0
SLVR:                                                                                                                                                                                                                                           derived: ffi ^2.1.0
SLVR:                                                                                                                                                                                                                                             selecting ffi 2.1.0
SLVR:                                                                                                                                                                                                                                             fact: xdg_directories 1.0.4 depends on meta ^1.3.0
SLVR:                                                                                                                                                                                                                                             fact: xdg_directories 1.0.4 depends on path ^1.8.0
SLVR:                                                                                                                                                                                                                                               selecting xdg_directories 1.0.4
SLVR:                                                                                                                                                                                                                                               fact: dbus 0.7.11 depends on args ^2.0.0
SLVR:                                                                                                                                                                                                                                               fact: dbus 0.7.11 depends on ffi ^2.0.0
SLVR:                                                                                                                                                                                                                                               fact: dbus 0.7.11 depends on meta ^1.3.0
SLVR:                                                                                                                                                                                                                                               fact: dbus 0.7.11 depends on xml ^6.1.0
SLVR:                                                                                                                                                                                                                                                 selecting dbus 0.7.11
SLVR:                                                                                                                                                                                                                                                 fact: xml 6.5.0 depends on collection ^1.18.0
SLVR:                                                                                                                                                                                                                                                 fact: xml 6.5.0 depends on meta ^1.9.0
SLVR:                                                                                                                                                                                                                                                 fact: xml 6.5.0 depends on petitparser ^6.0.0
SLVR:                                                                                                                                                                                                                                                   selecting xml 6.5.0
SLVR:                                                                                                                                                                                                                                                   derived: petitparser ^6.0.0
SLVR:                                                                                                                                                                                                                                                   fact: path_parsing 1.0.1 depends on vector_math ^2.1.0
SLVR:                                                                                                                                                                                                                                                   fact: path_parsing 1.0.1 depends on meta ^1.3.0
SLVR:                                                                                                                                                                                                                                                     selecting path_parsing 1.0.1
SLVR:                                                                                                                                                                                                                                                     fact: uuid 4.5.1 depends on crypto ^3.0.0
SLVR:                                                                                                                                                                                                                                                     fact: uuid 4.5.1 depends on sprintf ^7.0.0
SLVR:                                                                                                                                                                                                                                                     fact: uuid 4.5.1 depends on meta ^1.10.0
SLVR:                                                                                                                                                                                                                                                     fact: uuid 4.5.1 depends on fixnum ^1.1.0
SLVR:                                                                                                                                                                                                                                                       selecting uuid 4.5.1
SLVR:                                                                                                                                                                                                                                                       derived: fixnum ^1.1.0
SLVR:                                                                                                                                                                                                                                                       derived: sprintf ^7.0.0
SLVR:                                                                                                                                                                                                                                                       fact: sqflite 2.3.2 depends on flutter from sdk
SLVR:                                                                                                                                                                                                                                                       fact: sqflite 2.3.2 depends on sqflite_common >=2.5.0-1 <4.0.0
SLVR:                                                                                                                                                                                                                                                       fact: sqflite 2.3.2 depends on path >=1.8.0 <3.0.0
SLVR:                                                                                                                                                                                                                                                         selecting sqflite 2.3.2
SLVR:                                                                                                                                                                                                                                                         derived: sqflite_common >=2.5.0-1 <4.0.0
SLVR:                                                                                                                                                                                                                                                           selecting rxdart 0.27.7
SLVR:                                                                                                                                                                                                                                                           fact: path_provider_foundation 2.4.0 depends on flutter from sdk
SLVR:                                                                                                                                                                                                                                                           fact: path_provider_foundation 2.4.0 depends on path_provider_platform_interface ^2.1.0
SLVR:                                                                                                                                                                                                                                                             selecting path_provider_foundation 2.4.0
SLVR:                                                                                                                                                                                                                                                             fact: path_provider_android 2.2.4 depends on flutter from sdk
SLVR:                                                                                                                                                                                                                                                             fact: path_provider_android 2.2.4 depends on path_provider_platform_interface ^2.1.0
SLVR:                                                                                                                                                                                                                                                               selecting path_provider_android 2.2.4
SLVR:                                                                                                                                                                                                                                                                 selecting fixnum 1.1.1
SLVR:                                                                                                                                                                                                                                                                   selecting platform 3.1.6
SLVR:                                                                                                                                                                                                                                                                   fact: petitparser 6.0.2 depends on meta ^1.9.0
SLVR:                                                                                                                                                                                                                                                                     selecting petitparser 6.0.2
SLVR:                                                                                                                                                                                                                                                                       selecting sprintf 7.0.0
SLVR:                                                                                                                                                                                                                                                                       fact: sqflite_common 2.5.3 depends on synchronized >=3.0.0 <5.0.0
SLVR:                                                                                                                                                                                                                                                                       fact: sqflite_common 2.5.3 depends on path >=1.8.0 <3.0.0
SLVR:                                                                                                                                                                                                                                                                       fact: sqflite_common 2.5.3 depends on meta >=1.3.0 <3.0.0
SLVR:                                                                                                                                                                                                                                                                         selecting sqflite_common 2.5.3
SLVR:                                                                                                                                                                                                                                                                         derived: synchronized >=3.0.0 <5.0.0
SLVR:                                                                                                                                                                                                                                                                           selecting synchronized 3.1.0+1
SLVR: Version solving took 0:00:00.893350 seconds.
    | Tried 1 solutions.
ERR : The current Dart SDK version is 3.2.3.
    | 
    | Because habit_breaker_app requires SDK version >=3.2.6 <4.0.0, version solving failed.
    | 
    | 
    | You can try the following suggestion to make the pubspec resolve:
    | * Try using the Flutter SDK version: 3.35.1. 
FINE: Exception type: SolveFailure
FINE: package:pub/src/entrypoint.dart 366:7                Entrypoint.acquireDependencies
    | ===== asynchronous gap ===========================
    | dart:async                                           Future.catchError
    | package:pub/src/utils.dart 135:10                    captureErrors.wrappedCallback
    | package:stack_trace                                  Chain.capture
    | package:pub/src/utils.dart 150:11                    captureErrors
    | package:pub/src/command.dart 198:13                  PubCommand.run
    | package:args/command_runner.dart 212:27              CommandRunner.runCommand
    | package:dartdev/dartdev.dart 240:30                  DartdevRunner.runCommand
    | package:args/command_runner.dart 122:25              CommandRunner.run.<fn>
    | dart:async                                           new Future.sync
    | package:args/command_runner.dart 122:14              CommandRunner.run
    | package:dartdev/dartdev.dart 59:29                   runDartdev
    | /b/s/w/ir/x/w/sdk/pkg/dartdev/bin/dartdev.dart 11:9  main
---- Log transcript ----
FINE: Pub 3.2.3
MSG : Resolving dependencies...
SLVR: fact: habit_breaker_app is 1.0.0+1
SLVR: derived: habit_breaker_app
SLVR: fact: habit_breaker_app requires SDK version >=3.2.6 <4.0.0
SLVR: conflict: habit_breaker_app requires SDK version >=3.2.6 <4.0.0
SLVR: Version solving took 0:00:00.031547 seconds.
    | Tried 1 solutions.
FINE: Resolving dependencies finished (0.105s).
IO  : HTTP GET https://storage.googleapis.com/flutter_infra_release/releases/releases_linux.json
    | user-agent: Dart pub 3.2.3
IO  : HTTP response 200 OK for GET https://storage.googleapis.com/flutter_infra_release/releases/releases_linux.json
    | took 0:00:00.124544
    | x-goog-storage-class: STANDARD
    | last-modified: Thu, 14 Aug 2025 21:50:26 GMT
    | cache-control: max-age=60
    | access-control-allow-origin: *
    | date: Sat, 16 Aug 2025 17:04:21 GMT
    | x-goog-stored-content-length: 234511
    | age: 0
    | x-guploader-uploadid: ABgVH8-pMndjotAKYxkJN42Mt79SbjSEY5I7i2RIiwRrRrYrgGe_7kW94o5s4qMwetE9Z0Sv
    | access-control-expose-headers: Content-Type
    | x-goog-hash: crc32c=ecI4eg==,md5=IQmGTbycejBYTWyrMpFghg==
    | content-type: application/json
    | x-goog-generation: 1755208226324793
    | server: UploadServer
    | alt-svc: h3=":443"; ma=2592000,h3-29=":443"; ma=2592000
    | accept-ranges: bytes
    | content-length: 234511
    | x-goog-stored-content-encoding: identity
    | etag: "2109864dbc9c7a30584d6cab32916086"
    | x-goog-metageneration: 1
    | expires: Sat, 16 Aug 2025 17:05:21 GMT
SLVR: fact: habit_breaker_app is 1.0.0+1
SLVR: derived: habit_breaker_app
SLVR: fact: habit_breaker_app depends on flutter from sdk
SLVR: fact: habit_breaker_app depends on cupertino_icons ^1.0.6
SLVR: fact: habit_breaker_app depends on flutter_riverpod ^2.4.9
SLVR: fact: habit_breaker_app depends on hive ^2.2.3
SLVR: fact: habit_breaker_app depends on hive_flutter ^1.1.0
SLVR: fact: habit_breaker_app depends on go_router ^12.1.3
SLVR: fact: habit_breaker_app depends on flutter_screenutil ^5.9.0
SLVR: fact: habit_breaker_app depends on cached_network_image ^3.3.0
SLVR: fact: habit_breaker_app depends on flutter_svg ^2.0.9
SLVR: fact: habit_breaker_app depends on dio ^5.4.0
SLVR: fact: habit_breaker_app depends on fl_chart ^0.63.0
SLVR: fact: habit_breaker_app depends on flutter_local_notifications ^16.3.0
SLVR: fact: habit_breaker_app depends on workmanager ^0.5.2
SLVR: fact: habit_breaker_app depends on flutter_secure_storage ^9.0.0
SLVR: fact: habit_breaker_app depends on shared_preferences ^2.2.0
SLVR: fact: habit_breaker_app depends on intl ^0.18.1
SLVR: fact: habit_breaker_app depends on flutter_localizations from sdk
SLVR: fact: habit_breaker_app depends on logger ^2.0.2
SLVR: fact: habit_breaker_app depends on equatable ^2.0.5
SLVR: fact: habit_breaker_app depends on json_annotation ^4.8.1
SLVR: fact: habit_breaker_app depends on flutter_test from sdk
SLVR: fact: habit_breaker_app depends on flutter_lints ^3.0.0
SLVR: fact: habit_breaker_app depends on hive_generator ^2.0.1
SLVR: fact: habit_breaker_app depends on build_runner ^2.4.7
SLVR: fact: habit_breaker_app depends on json_serializable ^6.7.1
SLVR:   selecting habit_breaker_app
SLVR:   derived: json_serializable ^6.7.1
SLVR:   derived: build_runner ^2.4.7
SLVR:   derived: hive_generator ^2.0.1
SLVR:   derived: flutter_lints ^3.0.0
SLVR:   derived: flutter_test from sdk
SLVR:   derived: json_annotation ^4.8.1
SLVR:   derived: equatable ^2.0.5
SLVR:   derived: logger ^2.0.2
SLVR:   derived: flutter_localizations from sdk
SLVR:   derived: intl ^0.18.1
SLVR:   derived: shared_preferences ^2.2.0
SLVR:   derived: flutter_secure_storage ^9.0.0
SLVR:   derived: workmanager ^0.5.2
SLVR:   derived: flutter_local_notifications ^16.3.0
SLVR:   derived: fl_chart ^0.63.0
SLVR:   derived: dio ^5.4.0
SLVR:   derived: flutter_svg ^2.0.9
SLVR:   derived: cached_network_image ^3.3.0
SLVR:   derived: flutter_screenutil ^5.9.0
SLVR:   derived: go_router ^12.1.3
SLVR:   derived: hive_flutter ^1.1.0
SLVR:   derived: hive ^2.2.3
SLVR:   derived: flutter_riverpod ^2.4.9
SLVR:   derived: cupertino_icons ^1.0.6
SLVR:   derived: flutter from sdk
SLVR:   fact: json_serializable 6.8.0 depends on analyzer >=5.12.0 <7.0.0
SLVR:   fact: json_serializable 6.8.0 depends on async ^2.8.0
SLVR:   fact: json_serializable 6.8.0 depends on build ^2.0.0
SLVR:   fact: json_serializable 6.8.0 depends on build_config >=0.4.4 <2.0.0
SLVR:   fact: json_serializable 6.8.0 depends on collection ^1.14.0
SLVR:   fact: json_serializable 6.8.0 depends on json_annotation >=4.9.0 <4.10.0
SLVR:   fact: json_serializable 6.8.0 depends on meta ^1.3.0
SLVR:   fact: json_serializable 6.8.0 depends on path ^1.8.0
SLVR:   fact: json_serializable 6.8.0 depends on pub_semver ^2.0.0
SLVR:   fact: json_serializable 6.8.0 depends on pubspec_parse ^1.0.0
SLVR:   fact: json_serializable 6.8.0 depends on source_gen ^1.3.2
SLVR:   fact: json_serializable 6.8.0 depends on source_helper ^1.3.0
SLVR:     selecting json_serializable 6.8.0
SLVR:     derived: source_helper ^1.3.0
SLVR:     derived: source_gen ^1.3.2
SLVR:     derived: pubspec_parse ^1.0.0
SLVR:     derived: pub_semver ^2.0.0
SLVR:     derived: path ^1.8.0
SLVR:     derived: meta ^1.3.0
SLVR:     derived: json_annotation >=4.9.0 <4.10.0
SLVR:     derived: collection ^1.14.0
SLVR:     derived: build_config >=0.4.4 <2.0.0
SLVR:     derived: build ^2.0.0
SLVR:     derived: async ^2.8.0
SLVR:     derived: analyzer >=5.12.0 <7.0.0
SLVR:     fact: build_runner 2.4.9 depends on analyzer >=4.4.0 <7.0.0
SLVR:     fact: build_runner 2.4.9 depends on args ^2.0.0
SLVR:     fact: build_runner 2.4.9 depends on async ^2.5.0
SLVR:     fact: build_runner 2.4.9 depends on build >=2.1.0 <2.5.0
SLVR:     fact: build_runner 2.4.9 depends on build_config >=1.1.0 <1.2.0
SLVR:     fact: build_runner 2.4.9 depends on build_daemon ^4.0.0
SLVR:     fact: build_runner 2.4.9 depends on build_resolvers ^2.0.0
SLVR:     fact: build_runner 2.4.9 depends on build_runner_core ^7.2.0
SLVR:     fact: build_runner 2.4.9 depends on code_builder ^4.2.0
SLVR:     fact: build_runner 2.4.9 depends on collection ^1.15.0
SLVR:     fact: build_runner 2.4.9 depends on crypto ^3.0.0
SLVR:     fact: build_runner 2.4.9 depends on dart_style ^2.0.0
SLVR:     fact: build_runner 2.4.9 depends on frontend_server_client >=3.0.0 <5.0.0
SLVR:     fact: build_runner 2.4.9 depends on glob ^2.0.0
SLVR:     fact: build_runner 2.4.9 depends on graphs ^2.2.0
SLVR:     fact: build_runner 2.4.9 depends on http_multi_server ^3.0.0
SLVR:     fact: build_runner 2.4.9 depends on io ^1.0.0
SLVR:     fact: build_runner 2.4.9 depends on js >=0.6.3 <0.8.0
SLVR:     fact: build_runner 2.4.9 depends on logging ^1.0.0
SLVR:     fact: build_runner 2.4.9 depends on meta ^1.3.0
SLVR:     fact: build_runner 2.4.9 depends on mime ^1.0.0
SLVR:     fact: build_runner 2.4.9 depends on package_config ^2.0.0
SLVR:     fact: build_runner 2.4.9 depends on path ^1.8.0
SLVR:     fact: build_runner 2.4.9 depends on pool ^1.5.0
SLVR:     fact: build_runner 2.4.9 depends on pub_semver ^2.0.0
SLVR:     fact: build_runner 2.4.9 depends on pubspec_parse ^1.0.0
SLVR:     fact: build_runner 2.4.9 depends on shelf ^1.0.0
SLVR:     fact: build_runner 2.4.9 depends on shelf_web_socket ^1.0.0
SLVR:     fact: build_runner 2.4.9 depends on stack_trace ^1.10.0
SLVR:     fact: build_runner 2.4.9 depends on stream_transform ^2.0.0
SLVR:     fact: build_runner 2.4.9 depends on timing ^1.0.0
SLVR:     fact: build_runner 2.4.9 depends on watcher ^1.0.0
SLVR:     fact: build_runner 2.4.9 depends on web_socket_channel ^2.0.0
SLVR:     fact: build_runner 2.4.9 depends on yaml ^3.0.0
SLVR:       selecting build_runner 2.4.9
SLVR:       derived: yaml ^3.0.0
SLVR:       derived: web_socket_channel ^2.0.0
SLVR:       derived: watcher ^1.0.0
SLVR:       derived: timing ^1.0.0
SLVR:       derived: stream_transform ^2.0.0
SLVR:       derived: stack_trace ^1.10.0
SLVR:       derived: shelf_web_socket ^1.0.0
SLVR:       derived: shelf ^1.0.0
SLVR:       derived: pool ^1.5.0
SLVR:       derived: package_config ^2.0.0
SLVR:       derived: mime ^1.0.0
SLVR:       derived: logging ^1.0.0
SLVR:       derived: js >=0.6.3 <0.8.0
SLVR:       derived: io ^1.0.0
SLVR:       derived: http_multi_server ^3.0.0
SLVR:       derived: graphs ^2.2.0
SLVR:       derived: glob ^2.0.0
SLVR:       derived: frontend_server_client >=3.0.0 <5.0.0
SLVR:       derived: dart_style ^2.0.0
SLVR:       derived: crypto ^3.0.0
SLVR:       derived: collection ^1.15.0
SLVR:       derived: code_builder ^4.2.0
SLVR:       derived: build_runner_core ^7.2.0
SLVR:       derived: build_resolvers ^2.0.0
SLVR:       derived: build_daemon ^4.0.0
SLVR:       derived: build_config >=1.1.0 <1.2.0
SLVR:       derived: build >=2.1.0 <2.5.0
SLVR:       derived: args ^2.0.0
SLVR:       fact: hive_generator 2.0.1 depends on build ^2.0.0
SLVR:       fact: hive_generator 2.0.1 depends on source_gen ^1.0.0
SLVR:       fact: hive_generator 2.0.1 depends on hive ^2.0.4
SLVR:       fact: hive_generator 2.0.1 depends on analyzer >=4.6.0 <7.0.0
SLVR:       fact: hive_generator 2.0.1 depends on source_helper ^1.1.0
SLVR:         selecting hive_generator 2.0.1
SLVR:         fact: flutter_lints 3.0.2 depends on lints ^3.0.0
SLVR:           selecting flutter_lints 3.0.2
SLVR:           derived: lints ^3.0.0
SLVR:           fact: flutter_test 0.0.0 from sdk depends on flutter from sdk
SLVR:           fact: flutter_test 0.0.0 from sdk depends on test_api 0.6.1
SLVR:           fact: flutter_test 0.0.0 from sdk depends on matcher 0.12.16
SLVR:           fact: flutter_test 0.0.0 from sdk depends on path 1.8.3
SLVR:           fact: flutter_test 0.0.0 from sdk depends on fake_async 1.3.1
SLVR:           fact: flutter_test 0.0.0 from sdk depends on clock 1.1.1
SLVR:           fact: flutter_test 0.0.0 from sdk depends on stack_trace 1.11.1
SLVR:           fact: flutter_test 0.0.0 from sdk depends on vector_math 2.1.4
SLVR:           fact: flutter_test 0.0.0 from sdk depends on async 2.11.0
SLVR:           fact: flutter_test 0.0.0 from sdk depends on boolean_selector 2.1.1
SLVR:           fact: flutter_test 0.0.0 from sdk depends on characters 1.3.0
SLVR:           fact: flutter_test 0.0.0 from sdk depends on collection 1.18.0
SLVR:           fact: flutter_test 0.0.0 from sdk depends on material_color_utilities 0.5.0
SLVR:           fact: flutter_test 0.0.0 from sdk depends on meta 1.10.0
SLVR:           fact: flutter_test 0.0.0 from sdk depends on source_span 1.10.0
SLVR:           fact: flutter_test 0.0.0 from sdk depends on stream_channel 2.1.2
SLVR:           fact: flutter_test 0.0.0 from sdk depends on string_scanner 1.2.0
SLVR:           fact: flutter_test 0.0.0 from sdk depends on term_glyph 1.2.1
SLVR:           fact: flutter_test 0.0.0 from sdk depends on web 0.3.0
SLVR:             selecting flutter_test 0.0.0 from sdk
SLVR:             derived: web 0.3.0
SLVR:             derived: term_glyph 1.2.1
SLVR:             derived: string_scanner 1.2.0
SLVR:             derived: stream_channel 2.1.2
SLVR:             derived: source_span 1.10.0
SLVR:             derived: meta 1.10.0
SLVR:             derived: material_color_utilities 0.5.0
SLVR:             derived: collection 1.18.0
SLVR:             derived: characters 1.3.0
SLVR:             derived: boolean_selector 2.1.1
SLVR:             derived: async 2.11.0
SLVR:             derived: vector_math 2.1.4
SLVR:             derived: stack_trace 1.11.1
SLVR:             derived: clock 1.1.1
SLVR:             derived: fake_async 1.3.1
SLVR:             derived: path 1.8.3
SLVR:             derived: matcher 0.12.16
SLVR:             derived: test_api 0.6.1
SLVR:             fact: json_annotation 4.9.0 depends on meta ^1.4.0
SLVR:               selecting json_annotation 4.9.0
SLVR:               fact: equatable 2.0.7 depends on collection ^1.15.0
SLVR:               fact: equatable 2.0.7 depends on meta ^1.3.0
SLVR:                 selecting equatable 2.0.7
SLVR:                   selecting logger 2.6.0
SLVR:                   fact: flutter_localizations 0.0.0 from sdk depends on flutter from sdk
SLVR:                   fact: flutter_localizations 0.0.0 from sdk depends on intl 0.18.1
SLVR:                   fact: flutter_localizations 0.0.0 from sdk depends on characters 1.3.0
SLVR:                   fact: flutter_localizations 0.0.0 from sdk depends on clock 1.1.1
SLVR:                   fact: flutter_localizations 0.0.0 from sdk depends on collection 1.18.0
SLVR:                   fact: flutter_localizations 0.0.0 from sdk depends on material_color_utilities 0.5.0
SLVR:                   fact: flutter_localizations 0.0.0 from sdk depends on meta 1.10.0
SLVR:                   fact: flutter_localizations 0.0.0 from sdk depends on path 1.8.3
SLVR:                   fact: flutter_localizations 0.0.0 from sdk depends on vector_math 2.1.4
SLVR:                   fact: flutter_localizations 0.0.0 from sdk depends on web 0.3.0
SLVR:                     selecting flutter_localizations 0.0.0 from sdk
SLVR:                     derived: intl 0.18.1
SLVR:                     fact: intl 0.18.1 depends on clock ^1.1.0
SLVR:                     fact: intl 0.18.1 depends on meta ^1.0.2
SLVR:                     fact: intl 0.18.1 depends on path ^1.8.0
SLVR:                       selecting intl 0.18.1
SLVR:                       fact: shared_preferences 2.2.3 depends on flutter from sdk
SLVR:                       fact: shared_preferences 2.2.3 depends on shared_preferences_android ^2.1.0
SLVR:                       fact: shared_preferences 2.2.3 depends on shared_preferences_foundation ^2.3.5
SLVR:                       fact: shared_preferences 2.2.3 depends on shared_preferences_linux ^2.2.0
SLVR:                       fact: shared_preferences 2.2.3 depends on shared_preferences_platform_interface ^2.3.0
SLVR:                       fact: shared_preferences 2.2.3 depends on shared_preferences_web ^2.1.0
SLVR:                       fact: shared_preferences 2.2.3 depends on shared_preferences_windows ^2.2.0
SLVR:                         selecting shared_preferences 2.2.3
SLVR:                         derived: shared_preferences_windows ^2.2.0
SLVR:                         derived: shared_preferences_web ^2.1.0
SLVR:                         derived: shared_preferences_platform_interface ^2.3.0
SLVR:                         derived: shared_preferences_linux ^2.2.0
SLVR:                         derived: shared_preferences_foundation ^2.3.5
SLVR:                         derived: shared_preferences_android ^2.1.0
SLVR:                         fact: flutter_secure_storage 9.2.4 depends on flutter from sdk
SLVR:                         fact: flutter_secure_storage 9.2.4 depends on flutter_secure_storage_linux ^1.2.2
SLVR:                         fact: flutter_secure_storage 9.2.4 depends on flutter_secure_storage_macos ^3.1.3
SLVR:                         fact: flutter_secure_storage 9.2.4 depends on flutter_secure_storage_platform_interface ^1.1.2
SLVR:                         fact: flutter_secure_storage 9.2.4 depends on flutter_secure_storage_web ^1.2.1
SLVR:                         fact: flutter_secure_storage 9.2.4 depends on flutter_secure_storage_windows ^3.1.2
SLVR:                         fact: flutter_secure_storage 9.2.4 depends on meta ^1.3.0
SLVR:                           selecting flutter_secure_storage 9.2.4
SLVR:                           derived: flutter_secure_storage_windows ^3.1.2
SLVR:                           derived: flutter_secure_storage_web ^1.2.1
SLVR:                           derived: flutter_secure_storage_platform_interface ^1.1.2
SLVR:                           derived: flutter_secure_storage_macos ^3.1.3
SLVR:                           derived: flutter_secure_storage_linux ^1.2.2
SLVR:                           fact: workmanager 0.5.2 depends on flutter from sdk
SLVR:                             selecting workmanager 0.5.2
SLVR:                             fact: flutter_local_notifications 16.3.3 depends on clock ^1.1.0
SLVR:                             fact: flutter_local_notifications 16.3.3 depends on flutter from sdk
SLVR:                             fact: flutter_local_notifications 16.3.3 depends on flutter_local_notifications_linux ^4.0.0
SLVR:                             fact: flutter_local_notifications 16.3.3 depends on flutter_local_notifications_platform_interface ^7.0.0
SLVR:                             fact: flutter_local_notifications 16.3.3 depends on timezone ^0.9.0
SLVR:                               selecting flutter_local_notifications 16.3.3
SLVR:                               derived: timezone ^0.9.0
SLVR:                               derived: flutter_local_notifications_platform_interface ^7.0.0
SLVR:                               derived: flutter_local_notifications_linux ^4.0.0
SLVR:                               fact: fl_chart 0.63.0 depends on equatable ^2.0.5
SLVR:                               fact: fl_chart 0.63.0 depends on flutter from sdk
SLVR:                                 selecting fl_chart 0.63.0
SLVR:                                 fact: dio 5.9.0 depends on async ^2.8.2
SLVR:                                 fact: dio 5.9.0 depends on collection ^1.16.0
SLVR:                                 fact: dio 5.9.0 depends on http_parser ^4.0.0
SLVR:                                 fact: dio 5.9.0 depends on meta ^1.5.0
SLVR:                                 fact: dio 5.9.0 depends on mime >=1.0.0 <3.0.0
SLVR:                                 fact: dio 5.9.0 depends on path ^1.8.0
SLVR:                                 fact: dio 5.9.0 depends on dio_web_adapter >=1.1.0 <3.0.0
SLVR:                                   selecting dio 5.9.0
SLVR:                                   derived: dio_web_adapter >=1.1.0 <3.0.0
SLVR:                                   derived: http_parser ^4.0.0
SLVR:                                   fact: flutter_svg 2.0.10+1 depends on flutter from sdk
SLVR:                                   fact: flutter_svg 2.0.10+1 depends on http ^1.0.0
SLVR:                                   fact: flutter_svg 2.0.10+1 depends on vector_graphics ^1.1.11
SLVR:                                   fact: flutter_svg 2.0.10+1 depends on vector_graphics_codec ^1.1.11
SLVR:                                   fact: flutter_svg 2.0.10+1 depends on vector_graphics_compiler ^1.1.11
SLVR:                                     selecting flutter_svg 2.0.10+1
SLVR:                                     derived: vector_graphics_compiler ^1.1.11
SLVR:                                     derived: vector_graphics_codec ^1.1.11
SLVR:                                     derived: vector_graphics ^1.1.11
SLVR:                                     derived: http ^1.0.0
SLVR:                                     fact: cached_network_image 3.3.1 depends on cached_network_image_platform_interface ^4.0.0
SLVR:                                     fact: cached_network_image 3.3.1 depends on cached_network_image_web ^1.1.1
SLVR:                                     fact: cached_network_image 3.3.1 depends on flutter from sdk
SLVR:                                     fact: cached_network_image 3.3.1 depends on flutter_cache_manager ^3.3.1
SLVR:                                     fact: cached_network_image 3.3.1 depends on octo_image ^2.0.0
SLVR:                                       selecting cached_network_image 3.3.1
SLVR:                                       derived: octo_image ^2.0.0
SLVR:                                       derived: flutter_cache_manager ^3.3.1
SLVR:                                       derived: cached_network_image_web ^1.1.1
SLVR:                                       derived: cached_network_image_platform_interface ^4.0.0
SLVR:                                       fact: flutter_screenutil 5.9.3 depends on flutter from sdk
SLVR:                                         selecting flutter_screenutil 5.9.3
SLVR:                                         fact: go_router 12.1.3 depends on collection ^1.15.0
SLVR:                                         fact: go_router 12.1.3 depends on flutter from sdk
SLVR:                                         fact: go_router 12.1.3 depends on flutter_web_plugins from sdk
SLVR:                                         fact: go_router 12.1.3 depends on logging ^1.0.0
SLVR:                                         fact: go_router 12.1.3 depends on meta ^1.7.0
SLVR:                                           selecting go_router 12.1.3
SLVR:                                           derived: flutter_web_plugins from sdk
SLVR:                                           fact: hive_flutter 1.1.0 depends on flutter from sdk
SLVR:                                           fact: hive_flutter 1.1.0 depends on hive ^2.0.4
SLVR:                                           fact: hive_flutter 1.1.0 depends on path_provider ^2.0.2
SLVR:                                           fact: hive_flutter 1.1.0 depends on path ^1.8.0
SLVR:                                             selecting hive_flutter 1.1.0
SLVR:                                             derived: path_provider ^2.0.2
SLVR:                                             fact: hive 2.2.3 depends on meta ^1.3.0
SLVR:                                             fact: hive 2.2.3 depends on crypto ^3.0.0
SLVR:                                               selecting hive 2.2.3
SLVR:                                               fact: flutter_riverpod 2.6.1 depends on collection ^1.15.0
SLVR:                                               fact: flutter_riverpod 2.6.1 depends on flutter from sdk
SLVR:                                               fact: flutter_riverpod 2.6.1 depends on meta ^1.4.0
SLVR:                                               fact: flutter_riverpod 2.6.1 depends on riverpod 2.6.1
SLVR:                                               fact: flutter_riverpod 2.6.1 depends on state_notifier >=0.7.2 <2.0.0
SLVR:                                                 selecting flutter_riverpod 2.6.1
SLVR:                                                 derived: state_notifier >=0.7.2 <2.0.0
SLVR:                                                 derived: riverpod 2.6.1
SLVR:                                                   selecting cupertino_icons 1.0.8
SLVR:                                                   fact: flutter 0.0.0 from sdk depends on characters 1.3.0
SLVR:                                                   fact: flutter 0.0.0 from sdk depends on collection 1.18.0
SLVR:                                                   fact: flutter 0.0.0 from sdk depends on material_color_utilities 0.5.0
SLVR:                                                   fact: flutter 0.0.0 from sdk depends on meta 1.10.0
SLVR:                                                   fact: flutter 0.0.0 from sdk depends on vector_math 2.1.4
SLVR:                                                   fact: flutter 0.0.0 from sdk depends on web 0.3.0
SLVR:                                                   fact: flutter 0.0.0 from sdk depends on sky_engine from sdk
SLVR:                                                     selecting flutter 0.0.0 from sdk
SLVR:                                                     derived: sky_engine from sdk
SLVR:                                                     fact: source_helper 1.3.4 depends on analyzer >=5.12.0 <7.0.0
SLVR:                                                     fact: source_helper 1.3.4 depends on collection ^1.15.0
SLVR:                                                     fact: source_helper 1.3.4 depends on source_gen ^1.0.0
SLVR:                                                       selecting source_helper 1.3.4
SLVR:                                                       fact: source_gen 1.5.0 depends on analyzer >=5.2.0 <7.0.0
SLVR:                                                       fact: source_gen 1.5.0 depends on async ^2.5.0
SLVR:                                                       fact: source_gen 1.5.0 depends on build ^2.1.0
SLVR:                                                       fact: source_gen 1.5.0 depends on dart_style ^2.0.0
SLVR:                                                       fact: source_gen 1.5.0 depends on glob ^2.0.0
SLVR:                                                       fact: source_gen 1.5.0 depends on path ^1.8.0
SLVR:                                                       fact: source_gen 1.5.0 depends on source_span ^1.8.0
SLVR:                                                       fact: source_gen 1.5.0 depends on yaml ^3.0.0
SLVR:                                                         selecting source_gen 1.5.0
SLVR:                                                         fact: pubspec_parse 1.4.0 depends on checked_yaml ^2.0.1
SLVR:                                                         fact: pubspec_parse 1.4.0 depends on collection ^1.15.0
SLVR:                                                         fact: pubspec_parse 1.4.0 depends on json_annotation ^4.8.0
SLVR:                                                         fact: pubspec_parse 1.4.0 depends on pub_semver ^2.0.0
SLVR:                                                         fact: pubspec_parse 1.4.0 depends on yaml ^3.0.0
SLVR:                                                           selecting pubspec_parse 1.4.0
SLVR:                                                           derived: checked_yaml ^2.0.1
SLVR:                                                           fact: pub_semver 2.1.4 depends on collection ^1.15.0
SLVR:                                                           fact: pub_semver 2.1.4 depends on meta ^1.3.0
SLVR:                                                             selecting pub_semver 2.1.4
SLVR:                                                               selecting path 1.8.3
SLVR:                                                                 selecting meta 1.10.0
SLVR:                                                                   selecting collection 1.18.0
SLVR:                                                                   fact: build_config 1.1.1 depends on checked_yaml ^2.0.0
SLVR:                                                                   fact: build_config 1.1.1 depends on json_annotation ^4.5.0
SLVR:                                                                   fact: build_config 1.1.1 depends on path ^1.8.0
SLVR:                                                                   fact: build_config 1.1.1 depends on pubspec_parse ^1.0.0
SLVR:                                                                   fact: build_config 1.1.1 depends on yaml ^3.0.0
SLVR:                                                                     selecting build_config 1.1.1
SLVR:                                                                     fact: build 2.4.1 depends on analyzer >=1.5.0 <7.0.0
SLVR:                                                                     fact: build 2.4.1 depends on async ^2.5.0
SLVR:                                                                     fact: build 2.4.1 depends on convert ^3.0.0
SLVR:                                                                     fact: build 2.4.1 depends on crypto ^3.0.0
SLVR:                                                                     fact: build 2.4.1 depends on glob ^2.0.0
SLVR:                                                                     fact: build 2.4.1 depends on logging ^1.0.0
SLVR:                                                                     fact: build 2.4.1 depends on meta ^1.3.0
SLVR:                                                                     fact: build 2.4.1 depends on package_config ^2.1.0
SLVR:                                                                     fact: build 2.4.1 depends on path ^1.8.0
SLVR:                                                                       selecting build 2.4.1
SLVR:                                                                       derived: package_config ^2.1.0
SLVR:                                                                       derived: convert ^3.0.0
SLVR:                                                                       fact: async 2.11.0 depends on collection ^1.15.0
SLVR:                                                                       fact: async 2.11.0 depends on meta ^1.1.7
SLVR:                                                                         selecting async 2.11.0
SLVR:                                                                         fact: analyzer 6.2.0 depends on _fe_analyzer_shared ^64.0.0
SLVR:                                                                         fact: analyzer 6.2.0 depends on collection ^1.17.0
SLVR:                                                                         fact: analyzer 6.2.0 depends on convert ^3.0.0
SLVR:                                                                         fact: analyzer 6.2.0 depends on crypto ^3.0.0
SLVR:                                                                         fact: analyzer 6.2.0 depends on glob ^2.0.0
SLVR:                                                                         fact: analyzer 6.2.0 depends on meta ^1.7.0
SLVR:                                                                         fact: analyzer 6.2.0 depends on package_config ^2.0.0
SLVR:                                                                         fact: analyzer 6.2.0 depends on path ^1.8.0
SLVR:                                                                         fact: analyzer 6.2.0 depends on pub_semver ^2.0.0
SLVR:                                                                         fact: analyzer 6.2.0 depends on source_span ^1.8.0
SLVR:                                                                         fact: analyzer 6.2.0 depends on watcher ^1.0.0
SLVR:                                                                         fact: analyzer 6.2.0 depends on yaml ^3.0.0
SLVR:                                                                           selecting analyzer 6.2.0
SLVR:                                                                           derived: _fe_analyzer_shared ^64.0.0
SLVR:                                                                           fact: yaml 3.1.2 depends on collection ^1.15.0
SLVR:                                                                           fact: yaml 3.1.2 depends on source_span ^1.8.0
SLVR:                                                                           fact: yaml 3.1.2 depends on string_scanner ^1.1.0
SLVR:                                                                             selecting yaml 3.1.2
SLVR:                                                                             fact: web_socket_channel 2.4.0 depends on async ^2.5.0
SLVR:                                                                             fact: web_socket_channel 2.4.0 depends on crypto ^3.0.0
SLVR:                                                                             fact: web_socket_channel 2.4.0 depends on stream_channel ^2.1.0
SLVR:                                                                               selecting web_socket_channel 2.4.0
SLVR:                                                                               fact: watcher 1.1.2 depends on async ^2.5.0
SLVR:                                                                               fact: watcher 1.1.2 depends on path ^1.8.0
SLVR:                                                                                 selecting watcher 1.1.2
SLVR:                                                                                 fact: timing 1.0.1 depends on json_annotation ^4.3.0
SLVR:                                                                                   selecting timing 1.0.1
SLVR:                                                                                     selecting stream_transform 2.1.1
SLVR:                                                                                     fact: stack_trace 1.11.1 depends on path ^1.8.0
SLVR:                                                                                       selecting stack_trace 1.11.1
SLVR:                                                                                       fact: shelf_web_socket 1.0.4 depends on shelf ^1.1.0
SLVR:                                                                                       fact: shelf_web_socket 1.0.4 depends on stream_channel ^2.1.0
SLVR:                                                                                       fact: shelf_web_socket 1.0.4 depends on web_socket_channel ^2.0.0
SLVR:                                                                                         selecting shelf_web_socket 1.0.4
SLVR:                                                                                         derived: shelf ^1.1.0
SLVR:                                                                                         fact: shelf 1.4.1 depends on async ^2.5.0
SLVR:                                                                                         fact: shelf 1.4.1 depends on collection ^1.15.0
SLVR:                                                                                         fact: shelf 1.4.1 depends on http_parser ^4.0.0
SLVR:                                                                                         fact: shelf 1.4.1 depends on path ^1.8.0
SLVR:                                                                                         fact: shelf 1.4.1 depends on stack_trace ^1.10.0
SLVR:                                                                                         fact: shelf 1.4.1 depends on stream_channel ^2.1.0
SLVR:                                                                                           selecting shelf 1.4.1
SLVR:                                                                                           fact: pool 1.5.1 depends on async ^2.5.0
SLVR:                                                                                           fact: pool 1.5.1 depends on stack_trace ^1.10.0
SLVR:                                                                                             selecting pool 1.5.1
SLVR:                                                                                             fact: package_config 2.1.0 depends on path ^1.8.0
SLVR:                                                                                               selecting package_config 2.1.0
SLVR:                                                                                                 selecting mime 1.0.6
SLVR:                                                                                                   selecting logging 1.2.0
SLVR:                                                                                                   fact: js 0.6.7 depends on meta ^1.7.0
SLVR:                                                                                                     selecting js 0.6.7
SLVR:                                                                                                     fact: io 1.0.4 depends on meta ^1.3.0
SLVR:                                                                                                     fact: io 1.0.4 depends on path ^1.8.0
SLVR:                                                                                                     fact: io 1.0.4 depends on string_scanner ^1.1.0
SLVR:                                                                                                       selecting io 1.0.4
SLVR:                                                                                                       fact: http_multi_server 3.2.2 depends on async ^2.5.0
SLVR:                                                                                                         selecting http_multi_server 3.2.2
SLVR:                                                                                                         fact: graphs 2.3.1 depends on collection ^1.1.0
SLVR:                                                                                                           selecting graphs 2.3.1
SLVR:                                                                                                           fact: glob 2.1.2 depends on async ^2.5.0
SLVR:                                                                                                           fact: glob 2.1.2 depends on collection ^1.15.0
SLVR:                                                                                                           fact: glob 2.1.2 depends on file >=6.1.3 <8.0.0
SLVR:                                                                                                           fact: glob 2.1.2 depends on path ^1.8.0
SLVR:                                                                                                           fact: glob 2.1.2 depends on string_scanner ^1.1.0
SLVR:                                                                                                             selecting glob 2.1.2
SLVR:                                                                                                             derived: file >=6.1.3 <8.0.0
SLVR:                                                                                                             fact: frontend_server_client 4.0.0 depends on async ^2.5.0
SLVR:                                                                                                             fact: frontend_server_client 4.0.0 depends on path ^1.8.0
SLVR:                                                                                                               selecting frontend_server_client 4.0.0
SLVR:                                                                                                               fact: dart_style 2.3.6 depends on analyzer ^6.2.0
SLVR:                                                                                                               fact: dart_style 2.3.6 depends on args >=1.0.0 <3.0.0
SLVR:                                                                                                               fact: dart_style 2.3.6 depends on collection ^1.17.0
SLVR:                                                                                                               fact: dart_style 2.3.6 depends on path ^1.0.0
SLVR:                                                                                                               fact: dart_style 2.3.6 depends on pub_semver >=1.4.4 <3.0.0
SLVR:                                                                                                               fact: dart_style 2.3.6 depends on source_span ^1.4.0
SLVR:                                                                                                                 selecting dart_style 2.3.6
SLVR:                                                                                                                 fact: crypto 3.0.3 depends on typed_data ^1.3.0
SLVR:                                                                                                                   selecting crypto 3.0.3
SLVR:                                                                                                                   derived: typed_data ^1.3.0
SLVR:                                                                                                                   fact: code_builder 4.10.0 depends on built_collection ^5.0.0
SLVR:                                                                                                                   fact: code_builder 4.10.0 depends on built_value ^8.0.0
SLVR:                                                                                                                   fact: code_builder 4.10.0 depends on collection ^1.15.0
SLVR:                                                                                                                   fact: code_builder 4.10.0 depends on matcher ^0.12.10
SLVR:                                                                                                                   fact: code_builder 4.10.0 depends on meta ^1.3.0
SLVR:                                                                                                                     selecting code_builder 4.10.0
SLVR:                                                                                                                     derived: built_value ^8.0.0
SLVR:                                                                                                                     derived: built_collection ^5.0.0
SLVR:                                                                                                                     fact: build_runner_core 7.3.0 depends on async ^2.5.0
SLVR:                                                                                                                     fact: build_runner_core 7.3.0 depends on build ^2.4.0
SLVR:                                                                                                                     fact: build_runner_core 7.3.0 depends on build_config ^1.0.0
SLVR:                                                                                                                     fact: build_runner_core 7.3.0 depends on build_resolvers ^2.4.0
SLVR:                                                                                                                     fact: build_runner_core 7.3.0 depends on collection ^1.15.0
SLVR:                                                                                                                     fact: build_runner_core 7.3.0 depends on convert ^3.0.0
SLVR:                                                                                                                     fact: build_runner_core 7.3.0 depends on crypto ^3.0.0
SLVR:                                                                                                                     fact: build_runner_core 7.3.0 depends on glob ^2.0.0
SLVR:                                                                                                                     fact: build_runner_core 7.3.0 depends on graphs ^2.0.0
SLVR:                                                                                                                     fact: build_runner_core 7.3.0 depends on json_annotation ^4.8.1
SLVR:                                                                                                                     fact: build_runner_core 7.3.0 depends on logging ^1.2.0
SLVR:                                                                                                                     fact: build_runner_core 7.3.0 depends on meta ^1.3.0
SLVR:                                                                                                                     fact: build_runner_core 7.3.0 depends on package_config ^2.0.0
SLVR:                                                                                                                     fact: build_runner_core 7.3.0 depends on path ^1.8.0
SLVR:                                                                                                                     fact: build_runner_core 7.3.0 depends on pool ^1.5.0
SLVR:                                                                                                                     fact: build_runner_core 7.3.0 depends on timing ^1.0.0
SLVR:                                                                                                                     fact: build_runner_core 7.3.0 depends on watcher ^1.0.0
SLVR:                                                                                                                     fact: build_runner_core 7.3.0 depends on yaml ^3.0.0
SLVR:                                                                                                                       selecting build_runner_core 7.3.0
SLVR:                                                                                                                       derived: build_resolvers ^2.4.0
SLVR:                                                                                                                       fact: build_resolvers 2.4.2 depends on analyzer >=5.12.0 <7.0.0
SLVR:                                                                                                                       fact: build_resolvers 2.4.2 depends on async ^2.5.0
SLVR:                                                                                                                       fact: build_resolvers 2.4.2 depends on build ^2.0.0
SLVR:                                                                                                                       fact: build_resolvers 2.4.2 depends on collection ^1.17.0
SLVR:                                                                                                                       fact: build_resolvers 2.4.2 depends on convert ^3.1.1
SLVR:                                                                                                                       fact: build_resolvers 2.4.2 depends on crypto ^3.0.0
SLVR:                                                                                                                       fact: build_resolvers 2.4.2 depends on graphs >=1.0.0 <3.0.0
SLVR:                                                                                                                       fact: build_resolvers 2.4.2 depends on logging ^1.0.0
SLVR:                                                                                                                       fact: build_resolvers 2.4.2 depends on package_config ^2.0.0
SLVR:                                                                                                                       fact: build_resolvers 2.4.2 depends on path ^1.8.0
SLVR:                                                                                                                       fact: build_resolvers 2.4.2 depends on pool ^1.5.0
SLVR:                                                                                                                       fact: build_resolvers 2.4.2 depends on pub_semver ^2.0.0
SLVR:                                                                                                                       fact: build_resolvers 2.4.2 depends on stream_transform ^2.0.0
SLVR:                                                                                                                       fact: build_resolvers 2.4.2 depends on yaml ^3.0.0
SLVR:                                                                                                                         selecting build_resolvers 2.4.2
SLVR:                                                                                                                         derived: convert ^3.1.1
SLVR:                                                                                                                         fact: build_daemon 4.0.1 depends on built_collection ^5.0.0
SLVR:                                                                                                                         fact: build_daemon 4.0.1 depends on built_value ^8.1.0
SLVR:                                                                                                                         fact: build_daemon 4.0.1 depends on crypto ^3.0.3
SLVR:                                                                                                                         fact: build_daemon 4.0.1 depends on http_multi_server ^3.0.0
SLVR:                                                                                                                         fact: build_daemon 4.0.1 depends on logging ^1.0.0
SLVR:                                                                                                                         fact: build_daemon 4.0.1 depends on path ^1.8.0
SLVR:                                                                                                                         fact: build_daemon 4.0.1 depends on pool ^1.5.0
SLVR:                                                                                                                         fact: build_daemon 4.0.1 depends on shelf ^1.0.0
SLVR:                                                                                                                         fact: build_daemon 4.0.1 depends on shelf_web_socket ^1.0.0
SLVR:                                                                                                                         fact: build_daemon 4.0.1 depends on stream_transform ^2.0.0
SLVR:                                                                                                                         fact: build_daemon 4.0.1 depends on watcher ^1.0.0
SLVR:                                                                                                                         fact: build_daemon 4.0.1 depends on web_socket_channel ^2.0.0
SLVR:                                                                                                                           selecting build_daemon 4.0.1
SLVR:                                                                                                                           derived: built_value ^8.1.0
SLVR:                                                                                                                             selecting args 2.5.0
SLVR:                                                                                                                               selecting lints 3.0.0
SLVR:                                                                                                                                 selecting web 0.3.0
SLVR:                                                                                                                                   selecting term_glyph 1.2.1
SLVR:                                                                                                                                   fact: string_scanner 1.2.0 depends on source_span ^1.8.0
SLVR:                                                                                                                                     selecting string_scanner 1.2.0
SLVR:                                                                                                                                     fact: stream_channel 2.1.2 depends on async ^2.5.0
SLVR:                                                                                                                                       selecting stream_channel 2.1.2
SLVR:                                                                                                                                       fact: source_span 1.10.0 depends on collection ^1.15.0
SLVR:                                                                                                                                       fact: source_span 1.10.0 depends on path ^1.8.0
SLVR:                                                                                                                                       fact: source_span 1.10.0 depends on term_glyph ^1.2.0
SLVR:                                                                                                                                         selecting source_span 1.10.0
SLVR:                                                                                                                                         fact: material_color_utilities 0.5.0 depends on collection ^1.15.0
SLVR:                                                                                                                                           selecting material_color_utilities 0.5.0
SLVR:                                                                                                                                             selecting characters 1.3.0
SLVR:                                                                                                                                             fact: boolean_selector 2.1.1 depends on source_span ^1.8.0
SLVR:                                                                                                                                             fact: boolean_selector 2.1.1 depends on string_scanner ^1.1.0
SLVR:                                                                                                                                               selecting boolean_selector 2.1.1
SLVR:                                                                                                                                                 selecting vector_math 2.1.4
SLVR:                                                                                                                                                   selecting clock 1.1.1
SLVR:                                                                                                                                                   fact: fake_async 1.3.1 depends on clock ^1.1.0
SLVR:                                                                                                                                                   fact: fake_async 1.3.1 depends on collection ^1.15.0
SLVR:                                                                                                                                                     selecting fake_async 1.3.1
SLVR:                                                                                                                                                     fact: matcher 0.12.16 depends on async ^2.10.0
SLVR:                                                                                                                                                     fact: matcher 0.12.16 depends on meta ^1.8.0
SLVR:                                                                                                                                                     fact: matcher 0.12.16 depends on stack_trace ^1.10.0
SLVR:                                                                                                                                                     fact: matcher 0.12.16 depends on term_glyph ^1.2.0
SLVR:                                                                                                                                                     fact: matcher 0.12.16 depends on test_api >=0.5.0 <0.7.0
SLVR:                                                                                                                                                       selecting matcher 0.12.16
SLVR:                                                                                                                                                       fact: test_api 0.6.1 depends on async ^2.5.0
SLVR:                                                                                                                                                       fact: test_api 0.6.1 depends on boolean_selector ^2.1.0
SLVR:                                                                                                                                                       fact: test_api 0.6.1 depends on collection ^1.15.0
SLVR:                                                                                                                                                       fact: test_api 0.6.1 depends on meta ^1.3.0
SLVR:                                                                                                                                                       fact: test_api 0.6.1 depends on source_span ^1.8.0
SLVR:                                                                                                                                                       fact: test_api 0.6.1 depends on stack_trace ^1.10.0
SLVR:                                                                                                                                                       fact: test_api 0.6.1 depends on stream_channel ^2.1.0
SLVR:                                                                                                                                                       fact: test_api 0.6.1 depends on string_scanner ^1.1.0
SLVR:                                                                                                                                                       fact: test_api 0.6.1 depends on term_glyph ^1.2.0
SLVR:                                                                                                                                                         selecting test_api 0.6.1
SLVR:                                                                                                                                                         fact: shared_preferences_windows 2.4.0 depends on file >=6.0.0 <8.0.0
SLVR:                                                                                                                                                         fact: shared_preferences_windows 2.4.0 depends on flutter from sdk
SLVR:                                                                                                                                                         fact: shared_preferences_windows 2.4.0 depends on path ^1.8.0
SLVR:                                                                                                                                                         fact: shared_preferences_windows 2.4.0 depends on path_provider_platform_interface ^2.0.0
SLVR:                                                                                                                                                         fact: shared_preferences_windows 2.4.0 depends on path_provider_windows ^2.0.0
SLVR:                                                                                                                                                         fact: shared_preferences_windows 2.4.0 depends on shared_preferences_platform_interface ^2.4.0
SLVR:                                                                                                                                                           selecting shared_preferences_windows 2.4.0
SLVR:                                                                                                                                                           derived: shared_preferences_platform_interface ^2.4.0
SLVR:                                                                                                                                                           derived: path_provider_windows ^2.0.0
SLVR:                                                                                                                                                           derived: path_provider_platform_interface ^2.0.0
SLVR:                                                                                                                                                           fact: shared_preferences_web 2.2.2 depends on flutter from sdk
SLVR:                                                                                                                                                           fact: shared_preferences_web 2.2.2 depends on flutter_web_plugins from sdk
SLVR:                                                                                                                                                           fact: shared_preferences_web 2.2.2 depends on shared_preferences_platform_interface ^2.3.0
SLVR:                                                                                                                                                           fact: shared_preferences_web 2.2.2 depends on web >=0.3.0 <0.5.0
SLVR:                                                                                                                                                             selecting shared_preferences_web 2.2.2
SLVR:                                                                                                                                                             fact: shared_preferences_platform_interface 2.4.1 depends on flutter from sdk
SLVR:                                                                                                                                                             fact: shared_preferences_platform_interface 2.4.1 depends on plugin_platform_interface ^2.1.7
SLVR:                                                                                                                                                               selecting shared_preferences_platform_interface 2.4.1
SLVR:                                                                                                                                                               derived: plugin_platform_interface ^2.1.7
SLVR:                                                                                                                                                               fact: shared_preferences_linux 2.4.0 depends on file >=6.0.0 <8.0.0
SLVR:                                                                                                                                                               fact: shared_preferences_linux 2.4.0 depends on flutter from sdk
SLVR:                                                                                                                                                               fact: shared_preferences_linux 2.4.0 depends on path ^1.8.0
SLVR:                                                                                                                                                               fact: shared_preferences_linux 2.4.0 depends on path_provider_linux ^2.0.0
SLVR:                                                                                                                                                               fact: shared_preferences_linux 2.4.0 depends on path_provider_platform_interface ^2.0.0
SLVR:                                                                                                                                                               fact: shared_preferences_linux 2.4.0 depends on shared_preferences_platform_interface ^2.4.0
SLVR:                                                                                                                                                                 selecting shared_preferences_linux 2.4.0
SLVR:                                                                                                                                                                 derived: path_provider_linux ^2.0.0
SLVR:                                                                                                                                                                 fact: shared_preferences_foundation 2.5.0 depends on flutter from sdk
SLVR:                                                                                                                                                                 fact: shared_preferences_foundation 2.5.0 depends on shared_preferences_platform_interface ^2.4.0
SLVR:                                                                                                                                                                   selecting shared_preferences_foundation 2.5.0
SLVR:                                                                                                                                                                   fact: shared_preferences_android 2.2.2 depends on flutter from sdk
SLVR:                                                                                                                                                                   fact: shared_preferences_android 2.2.2 depends on shared_preferences_platform_interface ^2.3.0
SLVR:                                                                                                                                                                     selecting shared_preferences_android 2.2.2
SLVR:                                                                                                                                                                     fact: flutter_secure_storage_windows 3.1.2 depends on ffi ^2.0.0
SLVR:                                                                                                                                                                     fact: flutter_secure_storage_windows 3.1.2 depends on flutter from sdk
SLVR:                                                                                                                                                                     fact: flutter_secure_storage_windows 3.1.2 depends on flutter_secure_storage_platform_interface ^1.1.1
SLVR:                                                                                                                                                                     fact: flutter_secure_storage_windows 3.1.2 depends on path ^1.8.0
SLVR:                                                                                                                                                                     fact: flutter_secure_storage_windows 3.1.2 depends on path_provider ^2.0.0
SLVR:                                                                                                                                                                     fact: flutter_secure_storage_windows 3.1.2 depends on win32 ^5.0.0
SLVR:                                                                                                                                                                       selecting flutter_secure_storage_windows 3.1.2
SLVR:                                                                                                                                                                       derived: win32 ^5.0.0
SLVR:                                                                                                                                                                       derived: ffi ^2.0.0
SLVR:                                                                                                                                                                       fact: flutter_secure_storage_web 1.2.1 depends on flutter from sdk
SLVR:                                                                                                                                                                       fact: flutter_secure_storage_web 1.2.1 depends on flutter_secure_storage_platform_interface ^1.1.1
SLVR:                                                                                                                                                                       fact: flutter_secure_storage_web 1.2.1 depends on flutter_web_plugins from sdk
SLVR:                                                                                                                                                                       fact: flutter_secure_storage_web 1.2.1 depends on js ^0.6.3
SLVR:                                                                                                                                                                         selecting flutter_secure_storage_web 1.2.1
SLVR:                                                                                                                                                                         fact: flutter_secure_storage_platform_interface 1.1.2 depends on flutter from sdk
SLVR:                                                                                                                                                                         fact: flutter_secure_storage_platform_interface 1.1.2 depends on plugin_platform_interface ^2.0.1
SLVR:                                                                                                                                                                           selecting flutter_secure_storage_platform_interface 1.1.2
SLVR:                                                                                                                                                                           fact: flutter_secure_storage_macos 3.1.3 depends on flutter from sdk
SLVR:                                                                                                                                                                           fact: flutter_secure_storage_macos 3.1.3 depends on flutter_secure_storage_platform_interface ^1.1.2
SLVR:                                                                                                                                                                             selecting flutter_secure_storage_macos 3.1.3
SLVR:                                                                                                                                                                             fact: flutter_secure_storage_linux 1.2.3 depends on flutter from sdk
SLVR:                                                                                                                                                                             fact: flutter_secure_storage_linux 1.2.3 depends on flutter_secure_storage_platform_interface ^1.0.1
SLVR:                                                                                                                                                                               selecting flutter_secure_storage_linux 1.2.3
SLVR:                                                                                                                                                                               fact: timezone 0.9.4 depends on path ^1.8.0
SLVR:                                                                                                                                                                                 selecting timezone 0.9.4
SLVR:                                                                                                                                                                                 fact: flutter_local_notifications_platform_interface 7.2.0 depends on flutter from sdk
SLVR:                                                                                                                                                                                 fact: flutter_local_notifications_platform_interface 7.2.0 depends on plugin_platform_interface ^2.0.0
SLVR:                                                                                                                                                                                   selecting flutter_local_notifications_platform_interface 7.2.0
SLVR:                                                                                                                                                                                   fact: flutter_local_notifications_linux 4.0.1 depends on dbus ^0.7.8
SLVR:                                                                                                                                                                                   fact: flutter_local_notifications_linux 4.0.1 depends on ffi ^2.0.1
SLVR:                                                                                                                                                                                   fact: flutter_local_notifications_linux 4.0.1 depends on flutter from sdk
SLVR:                                                                                                                                                                                   fact: flutter_local_notifications_linux 4.0.1 depends on flutter_local_notifications_platform_interface ^7.0.0
SLVR:                                                                                                                                                                                   fact: flutter_local_notifications_linux 4.0.1 depends on path ^1.8.0
SLVR:                                                                                                                                                                                   fact: flutter_local_notifications_linux 4.0.1 depends on xdg_directories >=0.2.0+1 <2.0.0
SLVR:                                                                                                                                                                                     selecting flutter_local_notifications_linux 4.0.1
SLVR:                                                                                                                                                                                     derived: xdg_directories >=0.2.0+1 <2.0.0
SLVR:                                                                                                                                                                                     derived: ffi ^2.0.1
SLVR:                                                                                                                                                                                     derived: dbus ^0.7.8
SLVR:                                                                                                                                                                                     fact: dio_web_adapter 1.1.1 depends on dio ^5.8.0
SLVR:                                                                                                                                                                                     fact: dio_web_adapter 1.1.1 depends on http_parser ^4.0.0
SLVR:                                                                                                                                                                                     fact: dio_web_adapter 1.1.1 depends on meta ^1.5.0
SLVR:                                                                                                                                                                                       selecting dio_web_adapter 1.1.1
SLVR:                                                                                                                                                                                       fact: http_parser 4.0.2 depends on collection ^1.15.0
SLVR:                                                                                                                                                                                       fact: http_parser 4.0.2 depends on source_span ^1.8.0
SLVR:                                                                                                                                                                                       fact: http_parser 4.0.2 depends on string_scanner ^1.1.0
SLVR:                                                                                                                                                                                       fact: http_parser 4.0.2 depends on typed_data ^1.3.0
SLVR:                                                                                                                                                                                         selecting http_parser 4.0.2
SLVR:                                                                                                                                                                                         fact: vector_graphics_compiler 1.1.11+1 depends on args ^2.3.0
SLVR:                                                                                                                                                                                         fact: vector_graphics_compiler 1.1.11+1 depends on meta ^1.7.0
SLVR:                                                                                                                                                                                         fact: vector_graphics_compiler 1.1.11+1 depends on path_parsing ^1.0.1
SLVR:                                                                                                                                                                                         fact: vector_graphics_compiler 1.1.11+1 depends on xml ^6.3.0
SLVR:                                                                                                                                                                                         fact: vector_graphics_compiler 1.1.11+1 depends on vector_graphics_codec 1.1.11+1
SLVR:                                                                                                                                                                                         fact: vector_graphics_compiler 1.1.11+1 depends on path ^1.8.0
SLVR:                                                                                                                                                                                           selecting vector_graphics_compiler 1.1.11+1
SLVR:                                                                                                                                                                                           derived: vector_graphics_codec 1.1.11+1
SLVR:                                                                                                                                                                                           derived: xml ^6.3.0
SLVR:                                                                                                                                                                                           derived: path_parsing ^1.0.1
SLVR:                                                                                                                                                                                             selecting vector_graphics_codec 1.1.11+1
SLVR:                                                                                                                                                                                             fact: vector_graphics 1.1.11+1 depends on flutter from sdk
SLVR:                                                                                                                                                                                             fact: vector_graphics 1.1.11+1 depends on http ^1.0.0
SLVR:                                                                                                                                                                                             fact: vector_graphics 1.1.11+1 depends on vector_graphics_codec 1.1.11+1
SLVR:                                                                                                                                                                                               selecting vector_graphics 1.1.11+1
SLVR:                                                                                                                                                                                               fact: http 1.2.0 depends on async ^2.5.0
SLVR:                                                                                                                                                                                               fact: http 1.2.0 depends on http_parser ^4.0.0
SLVR:                                                                                                                                                                                               fact: http 1.2.0 depends on meta ^1.3.0
SLVR:                                                                                                                                                                                               fact: http 1.2.0 depends on web >=0.3.0 <0.5.0
SLVR:                                                                                                                                                                                                 selecting http 1.2.0
SLVR:                                                                                                                                                                                                 fact: octo_image 2.1.0 depends on flutter from sdk
SLVR:                                                                                                                                                                                                   selecting octo_image 2.1.0
SLVR:                                                                                                                                                                                                   fact: flutter_cache_manager 3.3.1 depends on clock ^1.1.0
SLVR:                                                                                                                                                                                                   fact: flutter_cache_manager 3.3.1 depends on collection ^1.15.0
SLVR:                                                                                                                                                                                                   fact: flutter_cache_manager 3.3.1 depends on file >=6.1.4 <8.0.0
SLVR:                                                                                                                                                                                                   fact: flutter_cache_manager 3.3.1 depends on flutter from sdk
SLVR:                                                                                                                                                                                                   fact: flutter_cache_manager 3.3.1 depends on http >=0.13.0 <2.0.0
SLVR:                                                                                                                                                                                                   fact: flutter_cache_manager 3.3.1 depends on path ^1.8.0
SLVR:                                                                                                                                                                                                   fact: flutter_cache_manager 3.3.1 depends on path_provider ^2.0.0
SLVR:                                                                                                                                                                                                   fact: flutter_cache_manager 3.3.1 depends on rxdart >=0.26.0 <0.28.0
SLVR:                                                                                                                                                                                                   fact: flutter_cache_manager 3.3.1 depends on sqflite ^2.0.0+4
SLVR:                                                                                                                                                                                                   fact: flutter_cache_manager 3.3.1 depends on uuid >=3.0.0 <5.0.0
SLVR:                                                                                                                                                                                                     selecting flutter_cache_manager 3.3.1
SLVR:                                                                                                                                                                                                     derived: uuid >=3.0.0 <5.0.0
SLVR:                                                                                                                                                                                                     derived: sqflite ^2.0.0+4
SLVR:                                                                                                                                                                                                     derived: rxdart >=0.26.0 <0.28.0
SLVR:                                                                                                                                                                                                     derived: file >=6.1.4 <8.0.0
SLVR:                                                                                                                                                                                                     fact: cached_network_image_web 1.2.0 depends on cached_network_image_platform_interface ^4.0.0
SLVR:                                                                                                                                                                                                     fact: cached_network_image_web 1.2.0 depends on flutter from sdk
SLVR:                                                                                                                                                                                                     fact: cached_network_image_web 1.2.0 depends on flutter_cache_manager ^3.3.1
SLVR:                                                                                                                                                                                                       selecting cached_network_image_web 1.2.0
SLVR:                                                                                                                                                                                                       fact: cached_network_image_platform_interface 4.0.0 depends on flutter from sdk
SLVR:                                                                                                                                                                                                       fact: cached_network_image_platform_interface 4.0.0 depends on flutter_cache_manager ^3.3.1
SLVR:                                                                                                                                                                                                         selecting cached_network_image_platform_interface 4.0.0
SLVR:                                                                                                                                                                                                         fact: flutter_web_plugins 0.0.0 from sdk depends on flutter from sdk
SLVR:                                                                                                                                                                                                         fact: flutter_web_plugins 0.0.0 from sdk depends on characters 1.3.0
SLVR:                                                                                                                                                                                                         fact: flutter_web_plugins 0.0.0 from sdk depends on collection 1.18.0
SLVR:                                                                                                                                                                                                         fact: flutter_web_plugins 0.0.0 from sdk depends on material_color_utilities 0.5.0
SLVR:                                                                                                                                                                                                         fact: flutter_web_plugins 0.0.0 from sdk depends on meta 1.10.0
SLVR:                                                                                                                                                                                                         fact: flutter_web_plugins 0.0.0 from sdk depends on vector_math 2.1.4
SLVR:                                                                                                                                                                                                         fact: flutter_web_plugins 0.0.0 from sdk depends on web 0.3.0
SLVR:                                                                                                                                                                                                           selecting flutter_web_plugins 0.0.0 from sdk
SLVR:                                                                                                                                                                                                           fact: path_provider 2.1.4 depends on flutter from sdk
SLVR:                                                                                                                                                                                                           fact: path_provider 2.1.4 depends on path_provider_android ^2.2.0
SLVR:                                                                                                                                                                                                           fact: path_provider 2.1.4 depends on path_provider_foundation ^2.3.2
SLVR:                                                                                                                                                                                                           fact: path_provider 2.1.4 depends on path_provider_linux ^2.2.0
SLVR:                                                                                                                                                                                                           fact: path_provider 2.1.4 depends on path_provider_platform_interface ^2.1.0
SLVR:                                                                                                                                                                                                           fact: path_provider 2.1.4 depends on path_provider_windows ^2.2.0
SLVR:                                                                                                                                                                                                             selecting path_provider 2.1.4
SLVR:                                                                                                                                                                                                             derived: path_provider_windows ^2.2.0
SLVR:                                                                                                                                                                                                             derived: path_provider_platform_interface ^2.1.0
SLVR:                                                                                                                                                                                                             derived: path_provider_linux ^2.2.0
SLVR:                                                                                                                                                                                                             derived: path_provider_foundation ^2.3.2
SLVR:                                                                                                                                                                                                             derived: path_provider_android ^2.2.0
SLVR:                                                                                                                                                                                                             fact: state_notifier 1.0.0 depends on meta ^1.1.8
SLVR:                                                                                                                                                                                                               selecting state_notifier 1.0.0
SLVR:                                                                                                                                                                                                               fact: riverpod 2.6.1 depends on collection ^1.18.0
SLVR:                                                                                                                                                                                                               fact: riverpod 2.6.1 depends on meta ^1.9.0
SLVR:                                                                                                                                                                                                               fact: riverpod 2.6.1 depends on stack_trace ^1.10.0
SLVR:                                                                                                                                                                                                               fact: riverpod 2.6.1 depends on state_notifier >=0.7.2 <2.0.0
SLVR:                                                                                                                                                                                                                 selecting riverpod 2.6.1
SLVR:                                                                                                                                                                                                                   selecting sky_engine 0.0.99 from sdk
SLVR:                                                                                                                                                                                                                   fact: checked_yaml 2.0.3 depends on json_annotation ^4.3.0
SLVR:                                                                                                                                                                                                                   fact: checked_yaml 2.0.3 depends on source_span ^1.8.0
SLVR:                                                                                                                                                                                                                   fact: checked_yaml 2.0.3 depends on yaml ^3.0.0
SLVR:                                                                                                                                                                                                                     selecting checked_yaml 2.0.3
SLVR:                                                                                                                                                                                                                     fact: convert 3.1.1 depends on typed_data ^1.3.0
SLVR:                                                                                                                                                                                                                       selecting convert 3.1.1
SLVR:                                                                                                                                                                                                                       fact: _fe_analyzer_shared 64.0.0 depends on meta ^1.9.0
SLVR:                                                                                                                                                                                                                         selecting _fe_analyzer_shared 64.0.0
SLVR:                                                                                                                                                                                                                         fact: file 7.0.1 depends on meta ^1.9.1
SLVR:                                                                                                                                                                                                                         fact: file 7.0.1 depends on path ^1.8.3
SLVR:                                                                                                                                                                                                                           selecting file 7.0.1
SLVR:                                                                                                                                                                                                                           fact: typed_data 1.3.2 depends on collection ^1.15.0
SLVR:                                                                                                                                                                                                                             selecting typed_data 1.3.2
SLVR:                                                                                                                                                                                                                             fact: built_value 8.11.1 depends on built_collection ^5.0.0
SLVR:                                                                                                                                                                                                                             fact: built_value 8.11.1 depends on collection ^1.15.0
SLVR:                                                                                                                                                                                                                             fact: built_value 8.11.1 depends on fixnum ^1.0.0
SLVR:                                                                                                                                                                                                                             fact: built_value 8.11.1 depends on meta ^1.3.0
SLVR:                                                                                                                                                                                                                               selecting built_value 8.11.1
SLVR:                                                                                                                                                                                                                               derived: fixnum ^1.0.0
SLVR:                                                                                                                                                                                                                                 selecting built_collection 5.1.1
SLVR:                                                                                                                                                                                                                                 fact: path_provider_windows 2.3.0 depends on ffi ^2.0.0
SLVR:                                                                                                                                                                                                                                 fact: path_provider_windows 2.3.0 depends on flutter from sdk
SLVR:                                                                                                                                                                                                                                 fact: path_provider_windows 2.3.0 depends on path ^1.8.0
SLVR:                                                                                                                                                                                                                                 fact: path_provider_windows 2.3.0 depends on path_provider_platform_interface ^2.1.0
SLVR:                                                                                                                                                                                                                                   selecting path_provider_windows 2.3.0
SLVR:                                                                                                                                                                                                                                   fact: path_provider_platform_interface 2.1.2 depends on flutter from sdk
SLVR:                                                                                                                                                                                                                                   fact: path_provider_platform_interface 2.1.2 depends on platform ^3.0.0
SLVR:                                                                                                                                                                                                                                   fact: path_provider_platform_interface 2.1.2 depends on plugin_platform_interface ^2.1.7
SLVR:                                                                                                                                                                                                                                     selecting path_provider_platform_interface 2.1.2
SLVR:                                                                                                                                                                                                                                     derived: platform ^3.0.0
SLVR:                                                                                                                                                                                                                                     fact: plugin_platform_interface 2.1.8 depends on meta ^1.3.0
SLVR:                                                                                                                                                                                                                                       selecting plugin_platform_interface 2.1.8
SLVR:                                                                                                                                                                                                                                       fact: path_provider_linux 2.2.1 depends on ffi >=1.1.2 <3.0.0
SLVR:                                                                                                                                                                                                                                       fact: path_provider_linux 2.2.1 depends on flutter from sdk
SLVR:                                                                                                                                                                                                                                       fact: path_provider_linux 2.2.1 depends on path ^1.8.0
SLVR:                                                                                                                                                                                                                                       fact: path_provider_linux 2.2.1 depends on path_provider_platform_interface ^2.1.0
SLVR:                                                                                                                                                                                                                                       fact: path_provider_linux 2.2.1 depends on xdg_directories >=0.2.0 <2.0.0
SLVR:                                                                                                                                                                                                                                         selecting path_provider_linux 2.2.1
SLVR:                                                                                                                                                                                                                                         fact: win32 5.2.0 depends on ffi ^2.1.0
SLVR:                                                                                                                                                                                                                                           selecting win32 5.2.0
SLVR:                                                                                                                                                                                                                                           derived: ffi ^2.1.0
SLVR:                                                                                                                                                                                                                                             selecting ffi 2.1.0
SLVR:                                                                                                                                                                                                                                             fact: xdg_directories 1.0.4 depends on meta ^1.3.0
SLVR:                                                                                                                                                                                                                                             fact: xdg_directories 1.0.4 depends on path ^1.8.0
SLVR:                                                                                                                                                                                                                                               selecting xdg_directories 1.0.4
SLVR:                                                                                                                                                                                                                                               fact: dbus 0.7.11 depends on args ^2.0.0
SLVR:                                                                                                                                                                                                                                               fact: dbus 0.7.11 depends on ffi ^2.0.0
SLVR:                                                                                                                                                                                                                                               fact: dbus 0.7.11 depends on meta ^1.3.0
SLVR:                                                                                                                                                                                                                                               fact: dbus 0.7.11 depends on xml ^6.1.0
SLVR:                                                                                                                                                                                                                                                 selecting dbus 0.7.11
SLVR:                                                                                                                                                                                                                                                 fact: xml 6.5.0 depends on collection ^1.18.0
SLVR:                                                                                                                                                                                                                                                 fact: xml 6.5.0 depends on meta ^1.9.0
SLVR:                                                                                                                                                                                                                                                 fact: xml 6.5.0 depends on petitparser ^6.0.0
SLVR:                                                                                                                                                                                                                                                   selecting xml 6.5.0
SLVR:                                                                                                                                                                                                                                                   derived: petitparser ^6.0.0
SLVR:                                                                                                                                                                                                                                                   fact: path_parsing 1.0.1 depends on vector_math ^2.1.0
SLVR:                                                                                                                                                                                                                                                   fact: path_parsing 1.0.1 depends on meta ^1.3.0
SLVR:                                                                                                                                                                                                                                                     selecting path_parsing 1.0.1
SLVR:                                                                                                                                                                                                                                                     fact: uuid 4.5.1 depends on crypto ^3.0.0
SLVR:                                                                                                                                                                                                                                                     fact: uuid 4.5.1 depends on sprintf ^7.0.0
SLVR:                                                                                                                                                                                                                                                     fact: uuid 4.5.1 depends on meta ^1.10.0
SLVR:                                                                                                                                                                                                                                                     fact: uuid 4.5.1 depends on fixnum ^1.1.0
SLVR:                                                                                                                                                                                                                                                       selecting uuid 4.5.1
SLVR:                                                                                                                                                                                                                                                       derived: fixnum ^1.1.0
SLVR:                                                                                                                                                                                                                                                       derived: sprintf ^7.0.0
SLVR:                                                                                                                                                                                                                                                       fact: sqflite 2.3.2 depends on flutter from sdk
SLVR:                                                                                                                                                                                                                                                       fact: sqflite 2.3.2 depends on sqflite_common >=2.5.0-1 <4.0.0
SLVR:                                                                                                                                                                                                                                                       fact: sqflite 2.3.2 depends on path >=1.8.0 <3.0.0
SLVR:                                                                                                                                                                                                                                                         selecting sqflite 2.3.2
SLVR:                                                                                                                                                                                                                                                         derived: sqflite_common >=2.5.0-1 <4.0.0
SLVR:                                                                                                                                                                                                                                                           selecting rxdart 0.27.7
SLVR:                                                                                                                                                                                                                                                           fact: path_provider_foundation 2.4.0 depends on flutter from sdk
SLVR:                                                                                                                                                                                                                                                           fact: path_provider_foundation 2.4.0 depends on path_provider_platform_interface ^2.1.0
SLVR:                                                                                                                                                                                                                                                             selecting path_provider_foundation 2.4.0
SLVR:                                                                                                                                                                                                                                                             fact: path_provider_android 2.2.4 depends on flutter from sdk
SLVR:                                                                                                                                                                                                                                                             fact: path_provider_android 2.2.4 depends on path_provider_platform_interface ^2.1.0
SLVR:                                                                                                                                                                                                                                                               selecting path_provider_android 2.2.4
SLVR:                                                                                                                                                                                                                                                                 selecting fixnum 1.1.1
SLVR:                                                                                                                                                                                                                                                                   selecting platform 3.1.6
SLVR:                                                                                                                                                                                                                                                                   fact: petitparser 6.0.2 depends on meta ^1.9.0
SLVR:                                                                                                                                                                                                                                                                     selecting petitparser 6.0.2
SLVR:                                                                                                                                                                                                                                                                       selecting sprintf 7.0.0
SLVR:                                                                                                                                                                                                                                                                       fact: sqflite_common 2.5.3 depends on synchronized >=3.0.0 <5.0.0
SLVR:                                                                                                                                                                                                                                                                       fact: sqflite_common 2.5.3 depends on path >=1.8.0 <3.0.0
SLVR:                                                                                                                                                                                                                                                                       fact: sqflite_common 2.5.3 depends on meta >=1.3.0 <3.0.0
SLVR:                                                                                                                                                                                                                                                                         selecting sqflite_common 2.5.3
SLVR:                                                                                                                                                                                                                                                                         derived: synchronized >=3.0.0 <5.0.0
SLVR:                                                                                                                                                                                                                                                                           selecting synchronized 3.1.0+1
SLVR: Version solving took 0:00:00.893350 seconds.
    | Tried 1 solutions.
ERR : The current Dart SDK version is 3.2.3.
    | 
    | Because habit_breaker_app requires SDK version >=3.2.6 <4.0.0, version solving failed.
    | 
    | 
    | You can try the following suggestion to make the pubspec resolve:
    | * Try using the Flutter SDK version: 3.35.1. 
FINE: Exception type: SolveFailure
FINE: package:pub/src/entrypoint.dart 366:7                Entrypoint.acquireDependencies
    | ===== asynchronous gap ===========================
    | dart:async                                           Future.catchError
    | package:pub/src/utils.dart 135:10                    captureErrors.wrappedCallback
    | package:stack_trace                                  Chain.capture
    | package:pub/src/utils.dart 150:11                    captureErrors
    | package:pub/src/command.dart 198:13                  PubCommand.run
    | package:args/command_runner.dart 212:27              CommandRunner.runCommand
    | package:dartdev/dartdev.dart 240:30                  DartdevRunner.runCommand
    | package:args/command_runner.dart 122:25              CommandRunner.run.<fn>
    | dart:async                                           new Future.sync
    | package:args/command_runner.dart 122:14              CommandRunner.run
    | package:dartdev/dartdev.dart 59:29                   runDartdev
    | /b/s/w/ir/x/w/sdk/pkg/dartdev/bin/dartdev.dart 11:9  main
---- End log transcript ----
IO  : Writing 127949 characters to text file /root/.pub-cache/log/pub_log.txt.
MSG : Logs written to /root/.pub-cache/log/pub_log.txt.
[+1455 ms] pub get failed
           command: "/root/flutter/bin/cache/dart-sdk/bin/dart pub --suppress-analytics --verbose --directory . get --example"
           pub env: {
             "FLUTTER_ROOT": "/root/flutter",
             "PUB_ENVIRONMENT": "flutter_cli:verify:test",
           }
           exit code: 1

[   +8 ms] "flutter test" took 1,583ms.
[   +2 ms] 
           #0      throwToolExit (package:flutter_tools/src/base/common.dart:10:3)
           #1      _DefaultPub._runWithStdioInherited (package:flutter_tools/src/dart/pub.dart:447:7)
           <asynchronous suspension>
           #2      _DefaultPub.get (package:flutter_tools/src/dart/pub.dart:323:5)
           <asynchronous suspension>
           #3      FlutterCommand.verifyThenRunCommand (package:flutter_tools/src/runner/flutter_command.dart:1643:7)
           <asynchronous suspension>
           #4      FlutterCommand.run.<anonymous closure> (package:flutter_tools/src/runner/flutter_command.dart:1350:27)
           <asynchronous suspension>
           #5      AppContext.run.<anonymous closure> (package:flutter_tools/src/base/context.dart:150:19)
           <asynchronous suspension>
           #6      CommandRunner.runCommand (package:args/command_runner.dart:212:13)
           <asynchronous suspension>
           #7      FlutterCommandRunner.runCommand.<anonymous closure> (package:flutter_tools/src/runner/flutter_command_runner.dart:348:9)
           <asynchronous suspension>
           #8      AppContext.run.<anonymous closure> (package:flutter_tools/src/base/context.dart:150:19)
           <asynchronous suspension>
           #9      FlutterCommandRunner.runCommand (package:flutter_tools/src/runner/flutter_command_runner.dart:294:5)
           <asynchronous suspension>
           #10     run.<anonymous closure>.<anonymous closure> (package:flutter_tools/runner.dart:112:9)
           <asynchronous suspension>
           #11     AppContext.run.<anonymous closure> (package:flutter_tools/src/base/context.dart:150:19)
           <asynchronous suspension>
           #12     main (package:flutter_tools/executable.dart:90:3)
           <asynchronous suspension>


[  +80 ms] ensureAnalyticsSent: 74ms
[        ] Running 0 shutdown hooks
[        ] Shutdown hooks complete
[        ] exiting with code 1
